Component: ARM Compiler 5.06 update 6 (build 750) Tool: armlink [4d35ed]

==============================================================================

Section Cross References

    system_stm32f4xx.o(i.SystemCoreClockUpdate) refers to system_stm32f4xx.o(.data) for SystemCoreClock
    system_stm32f4xx.o(i.SystemInit) refers to system_stm32f4xx.o(i.SetSysClock) for SetSysClock
    startup_stm32f40_41xxx.o(STACK) refers (Special) to heapauxi.o(.text) for __use_two_region_memory
    startup_stm32f40_41xxx.o(HEAP) refers (Special) to heapauxi.o(.text) for __use_two_region_memory
    startup_stm32f40_41xxx.o(RESET) refers (Special) to heapauxi.o(.text) for __use_two_region_memory
    startup_stm32f40_41xxx.o(RESET) refers to startup_stm32f40_41xxx.o(STACK) for __initial_sp
    startup_stm32f40_41xxx.o(RESET) refers to startup_stm32f40_41xxx.o(.text) for Reset_Handler
    startup_stm32f40_41xxx.o(RESET) refers to stm32f4xx_it.o(i.NMI_Handler) for NMI_Handler
    startup_stm32f40_41xxx.o(RESET) refers to stm32f4xx_it.o(i.HardFault_Handler) for HardFault_Handler
    startup_stm32f40_41xxx.o(RESET) refers to stm32f4xx_it.o(i.MemManage_Handler) for MemManage_Handler
    startup_stm32f40_41xxx.o(RESET) refers to stm32f4xx_it.o(i.BusFault_Handler) for BusFault_Handler
    startup_stm32f40_41xxx.o(RESET) refers to stm32f4xx_it.o(i.UsageFault_Handler) for UsageFault_Handler
    startup_stm32f40_41xxx.o(RESET) refers to stm32f4xx_it.o(i.SVC_Handler) for SVC_Handler
    startup_stm32f40_41xxx.o(RESET) refers to stm32f4xx_it.o(i.DebugMon_Handler) for DebugMon_Handler
    startup_stm32f40_41xxx.o(RESET) refers to os_cpu_a.o(CODE) for PendSV_Handler
    startup_stm32f40_41xxx.o(RESET) refers to explore_systick.o(i.SysTick_Handler) for SysTick_Handler
    startup_stm32f40_41xxx.o(RESET) refers to usart3tobluetooth.o(i.DMA1_Stream3_IRQHandler) for DMA1_Stream3_IRQHandler
    startup_stm32f40_41xxx.o(RESET) refers to usart2_see.o(i.DMA1_Stream6_IRQHandler) for DMA1_Stream6_IRQHandler
    startup_stm32f40_41xxx.o(RESET) refers to timer3_ahrs_inner.o(i.TIM3_IRQHandler) for TIM3_IRQHandler
    startup_stm32f40_41xxx.o(RESET) refers to timer3_ahrs_inner.o(i.TIM4_IRQHandler) for TIM4_IRQHandler
    startup_stm32f40_41xxx.o(RESET) refers to usart1topc.o(i.USART1_IRQHandler) for USART1_IRQHandler
    startup_stm32f40_41xxx.o(RESET) refers to usart2_see.o(i.USART2_IRQHandler) for USART2_IRQHandler
    startup_stm32f40_41xxx.o(RESET) refers to usart3tobluetooth.o(i.USART3_IRQHandler) for USART3_IRQHandler
    startup_stm32f40_41xxx.o(RESET) refers to usart5toultra.o(i.DMA1_Stream7_IRQHandler) for DMA1_Stream7_IRQHandler
    startup_stm32f40_41xxx.o(RESET) refers to usart5toultra.o(i.UART5_IRQHandler) for UART5_IRQHandler
    startup_stm32f40_41xxx.o(RESET) refers to usart6tovision.o(i.DMA2_Stream6_IRQHandler) for DMA2_Stream6_IRQHandler
    startup_stm32f40_41xxx.o(RESET) refers to usart1topc.o(i.DMA2_Stream7_IRQHandler) for DMA2_Stream7_IRQHandler
    startup_stm32f40_41xxx.o(RESET) refers to usart6tovision.o(i.USART6_IRQHandler) for USART6_IRQHandler
    startup_stm32f40_41xxx.o(.text) refers (Special) to heapauxi.o(.text) for __use_two_region_memory
    startup_stm32f40_41xxx.o(.text) refers to system_stm32f4xx.o(i.SystemInit) for SystemInit
    startup_stm32f40_41xxx.o(.text) refers to __main.o(!!!main) for __main
    startup_stm32f40_41xxx.o(.text) refers to startup_stm32f40_41xxx.o(HEAP) for Heap_Mem
    startup_stm32f40_41xxx.o(.text) refers to startup_stm32f40_41xxx.o(STACK) for Stack_Mem
    stm32f4xx_gpio.o(i.GPIO_DeInit) refers to stm32f4xx_rcc.o(i.RCC_AHB1PeriphResetCmd) for RCC_AHB1PeriphResetCmd
    stm32f4xx_rcc.o(i.RCC_GetClocksFreq) refers to stm32f4xx_rcc.o(.data) for APBAHBPrescTable
    stm32f4xx_rcc.o(i.RCC_WaitForHSEStartUp) refers to stm32f4xx_rcc.o(i.RCC_GetFlagStatus) for RCC_GetFlagStatus
    stm32f4xx_usart.o(i.USART_DeInit) refers to stm32f4xx_rcc.o(i.RCC_APB2PeriphResetCmd) for RCC_APB2PeriphResetCmd
    stm32f4xx_usart.o(i.USART_DeInit) refers to stm32f4xx_rcc.o(i.RCC_APB1PeriphResetCmd) for RCC_APB1PeriphResetCmd
    stm32f4xx_usart.o(i.USART_Init) refers to stm32f4xx_rcc.o(i.RCC_GetClocksFreq) for RCC_GetClocksFreq
    stm32f4xx_spi.o(i.SPI_I2S_DeInit) refers to stm32f4xx_rcc.o(i.RCC_APB2PeriphResetCmd) for RCC_APB2PeriphResetCmd
    stm32f4xx_spi.o(i.SPI_I2S_DeInit) refers to stm32f4xx_rcc.o(i.RCC_APB1PeriphResetCmd) for RCC_APB1PeriphResetCmd
    stm32f4xx_tim.o(i.TIM_DeInit) refers to stm32f4xx_rcc.o(i.RCC_APB2PeriphResetCmd) for RCC_APB2PeriphResetCmd
    stm32f4xx_tim.o(i.TIM_DeInit) refers to stm32f4xx_rcc.o(i.RCC_APB1PeriphResetCmd) for RCC_APB1PeriphResetCmd
    stm32f4xx_tim.o(i.TIM_ETRClockMode1Config) refers to stm32f4xx_tim.o(i.TIM_ETRConfig) for TIM_ETRConfig
    stm32f4xx_tim.o(i.TIM_ETRClockMode2Config) refers to stm32f4xx_tim.o(i.TIM_ETRConfig) for TIM_ETRConfig
    stm32f4xx_tim.o(i.TIM_ICInit) refers to stm32f4xx_tim.o(i.TI1_Config) for TI1_Config
[...]
    OSMemQty                                 0x20000050   Data           2  os_var.o(.data)
    OSMutexDbgListPtr                        0x20000054   Data           4  os_var.o(.data)
    OSMutexQty                               0x20000058   Data           2  os_var.o(.data)
    OSPrioCur                                0x2000005a   Data           1  os_var.o(.data)
    OSPrioHighRdy                            0x2000005b   Data           1  os_var.o(.data)
    OSPrioSaved                              0x2000005c   Data           1  os_var.o(.data)
    OSQDbgListPtr                            0x20000060   Data           4  os_var.o(.data)
    OSQQty                                   0x20000064   Data           2  os_var.o(.data)
    OSSchedLockTimeBegin                     0x20000068   Data           4  os_var.o(.data)
    OSSchedLockTimeMax                       0x2000006c   Data           4  os_var.o(.data)
    OSSchedLockTimeMaxCur                    0x20000070   Data           4  os_var.o(.data)
    OSSchedLockNestingCtr                    0x20000074   Data           1  os_var.o(.data)
    OSSchedRoundRobinDfltTimeQuanta          0x20000078   Data           4  os_var.o(.data)
    OSSchedRoundRobinEn                      0x2000007c   Data           1  os_var.o(.data)
    OSSemDbgListPtr                          0x20000080   Data           4  os_var.o(.data)
    OSSemQty                                 0x20000084   Data           2  os_var.o(.data)
    OSStatResetFlag                          0x20000086   Data           1  os_var.o(.data)
    OSStatTaskCPUUsage                       0x20000088   Data           2  os_var.o(.data)
    OSStatTaskCPUUsageMax                    0x2000008a   Data           2  os_var.o(.data)
    OSStatTaskCtr                            0x2000008c   Data           4  os_var.o(.data)
    OSStatTaskCtrMax                         0x20000090   Data           4  os_var.o(.data)
    OSStatTaskCtrRun                         0x20000094   Data           4  os_var.o(.data)
    OSStatTaskRdy                            0x20000098   Data           1  os_var.o(.data)
    OSStatTaskTimeMax                        0x2000009c   Data           4  os_var.o(.data)
    OSTaskCtxSwCtr                           0x200000a0   Data           4  os_var.o(.data)
    OSTaskDbgListPtr                         0x200000a4   Data           4  os_var.o(.data)
    OSTaskQty                                0x200000a8   Data           2  os_var.o(.data)
    OSTaskRegNextAvailID                     0x200000aa   Data           1  os_var.o(.data)
    OSTickCtr                                0x200000ac   Data           4  os_var.o(.data)
    OSTickTaskTimeMax                        0x200000b0   Data           4  os_var.o(.data)
    OSTmrDbgListPtr                          0x200000b4   Data           4  os_var.o(.data)
    OSTmrQty                                 0x200000b8   Data           2  os_var.o(.data)
    OSTmrTaskTimeMax                         0x200000bc   Data           4  os_var.o(.data)
    OSTmrTickCtr                             0x200000c0   Data           4  os_var.o(.data)
    OSTmrUpdateCnt                           0x200000c4   Data           4  os_var.o(.data)
    OSTmrUpdateCtr                           0x200000c8   Data           4  os_var.o(.data)
    OSTCBCurPtr                              0x200000cc   Data           4  os_var.o(.data)
    OSTCBHighRdyPtr                          0x200000d0   Data           4  os_var.o(.data)
    OS_CPU_ExceptStkBase                     0x200000d4   Data           4  os_cpu_c.o(.data)
    FlightControl                            0x200000d8   Data           8  task.o(.data)
    Errangle_Info                            0x200000e0   Data           8  task.o(.data)
    StartFly                                 0x200000e8   Data           1  task.o(.data)
    flagg                                    0x200000ec   Data           4  task.o(.data)
    Combine_start                            0x200000f0   Data           1  task.o(.data)
    reset_flag                               0x200000f1   Data           1  task.o(.data)
    third_kf_calculate                       0x200000f4   Data           4  task.o(.data)
    US100_Altinfo                            0x200000f8   Data           4  task.o(.data)
    USE_BLUETOOTH                            0x200000fc   Data           1  task.o(.data)
    Switchflag                               0x200000fd   Data           1  task.o(.data)
    dingA                                    0x20000110   Data           1  all_task.o(.data)
    gohome                                   0x20000111   Data           1  all_task.o(.data)
    Gyro_Off_started                         0x20000124   Data           1  mpu6500.o(.data)
    lastAx                                   0x20000126   Data           2  mpu6500.o(.data)
    lastAy                                   0x20000128   Data           2  mpu6500.o(.data)
    lastAz                                   0x2000012a   Data           2  mpu6500.o(.data)
    lastGx                                   0x2000012c   Data           2  mpu6500.o(.data)
    lastGy                                   0x2000012e   Data           2  mpu6500.o(.data)
    lastGz                                   0x20000130   Data           2  mpu6500.o(.data)
    Acc_Flow_x                               0x20000148   Data           4  imu_ahrs.o(.data)
    Acc_Flow_y                               0x2000014c   Data           4  imu_ahrs.o(.data)
    Acc_Flow_z                               0x20000150   Data           4  imu_ahrs.o(.data)
    lastMx                                   0x20000180   Data           2  lsm303d.o(.data)
    lastMy                                   0x20000182   Data           2  lsm303d.o(.data)
    lastMz                                   0x20000184   Data           2  lsm303d.o(.data)
    Mag_maxx                                 0x2000019c   Data           2  lsm303d.o(.data)
    Mag_maxy                                 0x2000019e   Data           2  lsm303d.o(.data)
    Mag_maxz                                 0x200001a0   Data           2  lsm303d.o(.data)
    Mag_minx                                 0x200001a2   Data           2  lsm303d.o(.data)
    Mag_miny                                 0x200001a4   Data           2  lsm303d.o(.data)
    Mag_minz                                 0x200001a6   Data           2  lsm303d.o(.data)
    Mag_calib                                0x200001a8   Data           1  lsm303d.o(.data)
    Flag_Tx_Uart1_Busy                       0x200001ac   Data           4  usart1topc.o(.data)
    Flag_Tx_Usart6_Busy                      0x200001b0   Data           4  usart6tovision.o(.data)
    Flag_Tx_Uart3_Busy                       0x200001b8   Data           4  usart3tobluetooth.o(.data)
    bluetooth_bound                          0x200001bc   Data           8  bluetooth.o(.data)
    bluetooth_name                           0x200001c4   Data          13  bluetooth.o(.data)
    Flag_Tx_Uart5_Busy                       0x200001d4   Data           4  usart5toultra.o(.data)
    ReceiveHeight                            0x200001d8   Data           2  usart5toultra.o(.data)
    Flag_Tx_USART2_Busy                      0x200001dc   Data           4  usart2_see.o(.data)
    distance_turnstile                       0x200001e0   Data           4  usart2_see.o(.data)
    turn_angle_turnstile                     0x200001e4   Data           4  usart2_see.o(.data)
    tack_isee                                0x200001e8   Data           4  usart2_see.o(.data)
    tracking_turnangle                       0x200001ec   Data           4  usart2_see.o(.data)
    tracking_offsetdistance                  0x200001f0   Data           4  usart2_see.o(.data)
    temp1turn_angle                          0x200001f4   Data           2  usart2_see.o(.data)
    temp2offset_distance                     0x200001f6   Data           2  usart2_see.o(.data)
    tracing_flag                             0x200001f8   Data           1  usart2_see.o(.data)
    dingyuan                                 0x200001f9   Data           1  usart2_see.o(.data)
    temp_distance                            0x200001fc   Data           4  usart2_see.o(.data)
    track_turnangle                          0x20000200   Data           4  usart2_see.o(.data)
    angel_left                               0x20000204   Data           2  usart2_see.o(.data)
    offend_left                              0x20000206   Data           2  usart2_see.o(.data)
    ReceiveHeight_                           0x20000208   Data           2  usart2_see.o(.data)
    FlowTime                                 0x2000020c   Data           4  flow_deal.o(.data)
    whypitch_isee                            0x20000210   Data           4  flow_deal.o(.data)
    whyroll_isee                             0x20000214   Data           4  flow_deal.o(.data)
    lowpass_filter                           0x2000025c   Data           4  inner_control.o(.data)
    feedback                                 0x20000260   Data           4  inner_control.o(.data)
    target                                   0x20000264   Data           4  inner_control.o(.data)
    flowvx_Kp                                0x20000268   Data           4  inner_control.o(.data)
    flowvx_Ki                                0x2000026c   Data           4  inner_control.o(.data)
    flowvx_Kd                                0x20000270   Data           4  inner_control.o(.data)
    flowvy_Kp                                0x20000274   Data           4  inner_control.o(.data)
    flowvy_Ki                                0x20000278   Data           4  inner_control.o(.data)
    flowvy_Kd                                0x2000027c   Data           4  inner_control.o(.data)
    stile_flag                               0x200002a0   Data           1  outer_control.o(.data)
    flying45_action                          0x200002a1   Data           1  outer_control.o(.data)
    OuterPID_dt                              0x200002a4   Data           4  outer_control.o(.data)
    heightErro                               0x200002a8   Data           4  outer_control.o(.data)
    Y_pointdt_goal                           0x200002ac   Data           4  outer_control.o(.data)
    X_pointdt_goal                           0x200002b0   Data           4  outer_control.o(.data)
    feedforwardnumber                        0x200002b4   Data           4  outer_control.o(.data)
    all_flag                                 0x200002b8   Data           1  outer_control.o(.data)
    throttleBasic                            0x20000444   Data           4  data_deal.o(.data)
    testyaw                                  0x20000448   Data           3  data_deal.o(.data)
    jiajian                                  0x2000044b   Data           1  data_deal.o(.data)
    BlackspotsFlag                           0x20000450   Data           1  visiondata_deal.o(.data)
    OpticalflowFlag                          0x20000451   Data           1  visiondata_deal.o(.data)
    Pix_Xinfo                                0x20000454   Data           4  visiondata_deal.o(.data)
    Pix_Yinfo                                0x20000458   Data           4  visiondata_deal.o(.data)
    OpticalFlow_x                            0x2000045c   Data           4  visiondata_deal.o(.data)
    OpticalFlow_y                            0x20000460   Data           4  visiondata_deal.o(.data)
    LastOpticalFlow_x                        0x20000464   Data           4  visiondata_deal.o(.data)
    LastOpticalFlow_y                        0x20000468   Data           4  visiondata_deal.o(.data)
    OpticalFlow_integralx                    0x2000046c   Data           4  visiondata_deal.o(.data)
    OpticalFlow_integraly                    0x20000470   Data           4  visiondata_deal.o(.data)
    OpticalFlow_filterx                      0x20000474   Data           4  visiondata_deal.o(.data)
    OpticalFlow_filtery                      0x20000478   Data           4  visiondata_deal.o(.data)
    twoKp                                    0x2000047c   Data           4  mahonyahrs.o(.data)
    twoKi                                    0x20000480   Data           4  mahonyahrs.o(.data)
    q0                                       0x20000484   Data           4  mahonyahrs.o(.data)
    q1                                       0x20000488   Data           4  mahonyahrs.o(.data)
    q2                                       0x2000048c   Data           4  mahonyahrs.o(.data)
    q3                                       0x20000490   Data           4  mahonyahrs.o(.data)
    integralFBx                              0x20000494   Data           4  mahonyahrs.o(.data)
    integralFBy                              0x20000498   Data           4  mahonyahrs.o(.data)
    integralFBz                              0x2000049c   Data           4  mahonyahrs.o(.data)
    havesee_1                                0x200004a8   Data           4  position.o(.data)
    havesee_2                                0x200004ac   Data           4  position.o(.data)
    kal_Info                                 0x20000684   Data         192  digital_filter.o(.data)
    KAL_dealinfo                             0x20000744   Data          32  digital_filter.o(.data)
    CRC_INIT                                 0x20000764   Data           2  crc.o(.data)
    CPU_Name                                 0x20000768   Data          16  cpu_core.o(.bss)
    OSCfg_IdleTaskStk                        0x20000778   Data         512  os_cfg_app.o(.bss)
    OSCfg_ISRStk                             0x20000978   Data         512  os_cfg_app.o(.bss)
    OSCfg_MsgPool                            0x20000b78   Data        1600  os_cfg_app.o(.bss)
    OSCfg_StatTaskStk                        0x200011b8   Data         512  os_cfg_app.o(.bss)
    OSCfg_TickTaskStk                        0x200013b8   Data         512  os_cfg_app.o(.bss)
    OSCfg_TickWheel                          0x200015b8   Data         136  os_cfg_app.o(.bss)
    OSCfg_TmrTaskStk                         0x20001640   Data         512  os_cfg_app.o(.bss)
    OSCfg_TmrWheel                           0x20001840   Data         136  os_cfg_app.o(.bss)
    OSIdleTaskTCB                            0x200018c8   Data         196  os_var.o(.bss)
    OSMsgPool                                0x2000198c   Data          12  os_var.o(.bss)
    OSRdyList                                0x20001998   Data         768  os_var.o(.bss)
    OSStatTaskTCB                            0x20001c98   Data         196  os_var.o(.bss)
    OSTickTaskTCB                            0x20001d5c   Data         196  os_var.o(.bss)
    OSTmrTaskTCB                             0x20001e20   Data         196  os_var.o(.bss)
    StartTaskTCB                             0x20001ee4   Data         196  stm32f4xx_main.o(.bss)
    START_TASK_STK                           0x20001fa8   Data        4096  stm32f4xx_main.o(.bss)
    IMUTaskTCB                               0x20002fa8   Data         196  stm32f4xx_main.o(.bss)
    IMU_TASK_STK                             0x2000306c   Data        4096  stm32f4xx_main.o(.bss)
    AttitudeInnerTaskTCB                     0x2000406c   Data         196  stm32f4xx_main.o(.bss)
    AttitudeInner_TASK_STK                   0x20004130   Data        4096  stm32f4xx_main.o(.bss)
    PostionInnerTaskTCB                      0x20005130   Data         196  stm32f4xx_main.o(.bss)
    PostionInner_TASK_STK                    0x200051f4   Data        4096  stm32f4xx_main.o(.bss)
    CombineTaskTCB                           0x200061f4   Data         196  stm32f4xx_main.o(.bss)
    Combine_TASK_STK                         0x200062b8   Data        4096  stm32f4xx_main.o(.bss)
    AttitudeOuterTaskTCB                     0x200072b8   Data         196  stm32f4xx_main.o(.bss)
    AttitudeOuter_TASK_STK                   0x2000737c   Data        4096  stm32f4xx_main.o(.bss)
    PostionOuterTaskTCB                      0x2000837c   Data         196  stm32f4xx_main.o(.bss)
    PostionOuter_TASK_STK                    0x20008440   Data        4096  stm32f4xx_main.o(.bss)
    VisionTaskTCB                            0x20009440   Data         196  stm32f4xx_main.o(.bss)
    Vision_TASK_STK                          0x20009504   Data        4096  stm32f4xx_main.o(.bss)
    DataDealTaskTCB                          0x2000a504   Data         196  stm32f4xx_main.o(.bss)
    DataDeal_TASK_STK                        0x2000a5c8   Data        4096  stm32f4xx_main.o(.bss)
    Usart1toPCTaskTCB                        0x2000b5c8   Data         196  stm32f4xx_main.o(.bss)
    Usart1toPC_TASK_STK                      0x2000b68c   Data        4096  stm32f4xx_main.o(.bss)
    Uart5toUltraTaskTCB                      0x2000c68c   Data         196  stm32f4xx_main.o(.bss)
    Uart5toUltra_TASK_STK                    0x2000c750   Data        4096  stm32f4xx_main.o(.bss)
    BatteryTaskTCB                           0x2000d750   Data         196  stm32f4xx_main.o(.bss)
    Battery_TASK_STK                         0x2000d814   Data        4096  stm32f4xx_main.o(.bss)
    UsartmodeTaskTCB                         0x2000e814   Data         196  stm32f4xx_main.o(.bss)
    Usartmode_TASK_STK                       0x2000e8d8   Data        4096  stm32f4xx_main.o(.bss)
    TakeOffTaskTCB                           0x2000f8d8   Data         196  stm32f4xx_main.o(.bss)
    TakeOff_TASK_STK                         0x2000f99c   Data        4096  stm32f4xx_main.o(.bss)
    FlowTaskTCB                              0x2001099c   Data         196  stm32f4xx_main.o(.bss)
    Flow_TASK_STK                            0x20010a60   Data        4096  stm32f4xx_main.o(.bss)
    Para_Info                                0x20011a60   Data          96  task.o(.bss)
    RT_Info                                  0x20011ac0   Data         108  task.o(.bss)
    Target_Info                              0x20011b2c   Data          40  task.o(.bss)
    Control_Info                             0x20011b54   Data          16  task.o(.bss)
    Throttle_Info                            0x20011b64   Data          16  task.o(.bss)
    IMU_proc                                 0x20011b74   Data          40  task.o(.bss)
    AttitudeInner_proc                       0x20011b9c   Data          40  task.o(.bss)
    Vision_proc                              0x20011bc4   Data          40  task.o(.bss)
    Flow_proc                                0x20011bec   Data          40  task.o(.bss)
    DataDeal_proc                            0x20011c14   Data          40  task.o(.bss)
    X_ppoint_array                           0x20011e6c   Data          80  all_task.o(.bss)
    Y_ppoint_array                           0x20011ebc   Data          80  all_task.o(.bss)
    MPU6500_FIFO                             0x20011f0c   Data         140  mpu6500.o(.bss)
    RDrone_R                                 0x20011fa8   Data          36  imu_ahrs.o(.bss)
    RDrone_R2                                0x20011fcc   Data          36  imu_ahrs.o(.bss)
    Tx_Buf_Uart1                             0x2001209c   Data         512  usart1topc.o(.bss)
    Rx_Buf_Uart1                             0x2001229c   Data         512  usart1topc.o(.bss)
    PC_rx                                    0x2001249c   Data         260  usart1topc.o(.bss)
    flashData                                0x200125a0   Data         108  flash.o(.bss)
    Rx_Buf_Usart6                            0x2001260c   Data         512  usart6tovision.o(.bss)
    Tx_Buf_Usart6                            0x2001280c   Data         512  usart6tovision.o(.bss)
    Flosion                                  0x20012a0c   Data         260  usart6tovision.o(.bss)
    Tx_Buf_Uart3                             0x20012b4c   Data         512  usart3tobluetooth.o(.bss)
    Rx_Buf_Uart3                             0x20012d4c   Data         512  usart3tobluetooth.o(.bss)
    Bluetooth_rx                             0x20012f4c   Data         260  usart3tobluetooth.o(.bss)
    Rx_Buf_Uart5                             0x20013050   Data         512  usart5toultra.o(.bss)
    Tx_Buf_Uart5                             0x20013250   Data         512  usart5toultra.o(.bss)
    Ultradata                                0x20013450   Data         260  usart5toultra.o(.bss)
    Rx_Buf_Uart2                             0x20013554   Data         600  usart2_see.o(.bss)
    Tx_Buf_Uart2                             0x200137ac   Data         600  usart2_see.o(.bss)
    CliendTxBuffer                           0x20013a04   Data         200  usart2_see.o(.bss)
    Rx_Buf_slave                             0x20013acc   Data         600  usart2_see.o(.bss)
    Master_to_slave                          0x20013d24   Data          59  usart2_see.o(.bss)
    master_slave                             0x20013d5f   Data          23  usart2_see.o(.bss)
    stile_queue                              0x20013f58   Data          56  usart2_see.o(.bss)
    fromslave_data                           0x20013f90   Data          24  usart2_see.o(.bss)
    flosion_Info                             0x20013ff8   Data          44  flow_deal.o(.bss)
    FlowX_Parameter                          0x20014024   Data          24  flow_deal.o(.bss)
    flowX_filter_buf                         0x2001403c   Data          72  flow_deal.o(.bss)
    FlowY_Parameter                          0x20014084   Data          24  flow_deal.o(.bss)
    flowY_filter_buf                         0x2001409c   Data          72  flow_deal.o(.bss)
    RotateFlowX_Parameter                    0x200140e4   Data          24  flow_deal.o(.bss)
    RotateFlowX_filter_buf                   0x200140fc   Data          72  flow_deal.o(.bss)
    RotateFlowY_Parameter                    0x20014144   Data          24  flow_deal.o(.bss)
    RotateFlowY_filter_buf                   0x2001415c   Data          72  flow_deal.o(.bss)
    pidRatePitch                             0x200141a4   Data          24  inner_control.o(.bss)
    pidRateRoll                              0x200141bc   Data          24  inner_control.o(.bss)
    pidRateYaw                               0x200141d4   Data          24  inner_control.o(.bss)
    pidAccHeight                             0x200141ec   Data          24  inner_control.o(.bss)
    pidAccPitch                              0x20014204   Data          24  inner_control.o(.bss)
    pidAccRoll                               0x2001421c   Data          24  inner_control.o(.bss)
    pidXSpeed                                0x20014234   Data          24  inner_control.o(.bss)
    pidYSpeed                                0x2001424c   Data          24  inner_control.o(.bss)
    pidFlowx                                 0x20014264   Data          24  inner_control.o(.bss)
    pidFlowy                                 0x2001427c   Data          24  inner_control.o(.bss)
    pidPitch                                 0x20014294   Data          24  outer_control.o(.bss)
    pidRoll                                  0x200142ac   Data          24  outer_control.o(.bss)
    pidYaw                                   0x200142c4   Data          24  outer_control.o(.bss)
    pidHeight                                0x200142dc   Data          24  outer_control.o(.bss)
    pidPointX                                0x200142f4   Data          24  outer_control.o(.bss)
    pidPointY                                0x2001430c   Data          24  outer_control.o(.bss)
    pidFlowX                                 0x20014324   Data          24  outer_control.o(.bss)
    pidFlowY                                 0x2001433c   Data          24  outer_control.o(.bss)
    pid_calculateflowX                       0x20014354   Data          24  outer_control.o(.bss)
    pid_calculateflowY                       0x2001436c   Data          24  outer_control.o(.bss)
    waiting_time                             0x20014384   Data         128  outer_control.o(.bss)
    Stitchingdata                            0x20014834   Data         260  data_deal.o(.bss)
    remote_Info                              0x20014938   Data         144  data_deal.o(.bss)
    __libspace_start                         0x20014bac   Data          96  libspace.o(.bss)
    __temporary_stack_top$libspace           0x20014c0c   Data           0  libspace.o(.bss)



==============================================================================

Memory Map of the image

  Image Entry point : 0x08000189

  Load Region LR_IROM1 (Base: 0x08000000, Size: 0x00010dd8, Max: 0x00100000, ABSOLUTE, COMPRESSED[0x0001073c])

    Execution Region ER_IROM1 (Exec base: 0x08000000, Load base: 0x08000000, Size: 0x00010670, Max: 0x00100000, ABSOLUTE)

    Exec Addr    Load Addr    Size         Type   Attr      Idx    E Section Name        Object

    0x08000000   0x08000000   0x00000188   Data   RO           95    RESET               startup_stm32f40_41xxx.o
    0x08000188   0x08000188   0x00000008   Code   RO         6702  * !!!main             c_w.l(__main.o)
    0x08000190   0x08000190   0x00000034   Code   RO         7085    !!!scatter          c_w.l(__scatter.o)
    0x080001c4   0x080001c4   0x0000005a   Code   RO         7083    !!dczerorl2         c_w.l(__dczerorl2.o)
    0x0800021e   0x0800021e   0x00000002   PAD
    0x08000220   0x08000220   0x0000001c   Code   RO         7087    !!handler_zi        c_w.l(__scatter_zi.o)
    0x0800023c   0x0800023c   0x00000002   Code   RO         7022    .ARM.Collect$$libinit$$00000000  c_w.l(libinit.o)
    0x0800023e   0x0800023e   0x00000004   Code   RO         6830    .ARM.Collect$$libinit$$00000001  c_w.l(libinit2.o)
    0x08000242   0x08000242   0x00000000   Code   RO         6833    .ARM.Collect$$libinit$$00000004  c_w.l(libinit2.o)
    0x08000242   0x08000242   0x00000008   Code   RO         6834    .ARM.Collect$$libinit$$00000005  c_w.l(libinit2.o)
    0x0800024a   0x0800024a   0x00000000   Code   RO         6836    .ARM.Collect$$libinit$$0000000A  c_w.l(libinit2.o)
    0x0800024a   0x0800024a   0x00000000   Code   RO         6838    .ARM.Collect$$libinit$$0000000C  c_w.l(libinit2.o)
    0x0800024a   0x0800024a   0x00000000   Code   RO         6840    .ARM.Collect$$libinit$$0000000E  c_w.l(libinit2.o)
    0x0800024a   0x0800024a   0x00000000   Code   RO         6843    .ARM.Collect$$libinit$$00000011  c_w.l(libinit2.o)
    0x0800024a   0x0800024a   0x00000000   Code   RO         6845    .ARM.Collect$$libinit$$00000013  c_w.l(libinit2.o)
    0x0800024a   0x0800024a   0x00000000   Code   RO         6847    .ARM.Collect$$libinit$$00000015  c_w.l(libinit2.o)
    0x0800024a   0x0800024a   0x00000000   Code   RO         6849    .ARM.Collect$$libinit$$00000017  c_w.l(libinit2.o)
    0x0800024a   0x0800024a   0x00000000   Code   RO         6851    .ARM.Collect$$libinit$$00000019  c_w.l(libinit2.o)
    0x0800024a   0x0800024a   0x00000000   Code   RO         6853    .ARM.Collect$$libinit$$0000001B  c_w.l(libinit2.o)
    0x0800024a   0x0800024a   0x00000000   Code   RO         6855    .ARM.Collect$$libinit$$0000001D  c_w.l(libinit2.o)
    0x0800024a   0x0800024a   0x00000000   Code   RO         6857    .ARM.Collect$$libinit$$0000001F  c_w.l(libinit2.o)
    0x0800024a   0x0800024a   0x00000000   Code   RO         6859    .ARM.Collect$$libinit$$00000021  c_w.l(libinit2.o)
    0x0800024a   0x0800024a   0x00000000   Code   RO         6861    .ARM.Collect$$libinit$$00000023  c_w.l(libinit2.o)
    0x0800024a   0x0800024a   0x00000000   Code   RO         6863    .ARM.Collect$$libinit$$00000025  c_w.l(libinit2.o)
    0x0800024a   0x0800024a   0x00000000   Code   RO         6867    .ARM.Collect$$libinit$$0000002C  c_w.l(libinit2.o)
    0x0800024a   0x0800024a   0x00000000   Code   RO         6869    .ARM.Collect$$libinit$$0000002E  c_w.l(libinit2.o)
    0x0800024a   0x0800024a   0x00000000   Code   RO         6871    .ARM.Collect$$libinit$$00000030  c_w.l(libinit2.o)
    0x0800024a   0x0800024a   0x00000000   Code   RO         6873    .ARM.Collect$$libinit$$00000032  c_w.l(libinit2.o)
    0x0800024a   0x0800024a   0x00000002   Code   RO         6874    .ARM.Collect$$libinit$$00000033  c_w.l(libinit2.o)
    0x0800024c   0x0800024c   0x00000002   Code   RO         7080    .ARM.Collect$$libshutdown$$00000000  c_w.l(libshutdown.o)
    0x0800024e   0x0800024e   0x00000000   Code   RO         7038    .ARM.Collect$$libshutdown$$00000002  c_w.l(libshutdown2.o)
    0x0800024e   0x0800024e   0x00000000   Code   RO         7040    .ARM.Collect$$libshutdown$$00000004  c_w.l(libshutdown2.o)
    0x0800024e   0x0800024e   0x00000000   Code   RO         7043    .ARM.Collect$$libshutdown$$00000007  c_w.l(libshutdown2.o)
    0x0800024e   0x0800024e   0x00000000   Code   RO         7046    .ARM.Collect$$libshutdown$$0000000A  c_w.l(libshutdown2.o)
    0x0800024e   0x0800024e   0x00000000   Code   RO         7048    .ARM.Collect$$libshutdown$$0000000C  c_w.l(libshutdown2.o)
    0x0800024e   0x0800024e   0x00000000   Code   RO         7051    .ARM.Collect$$libshutdown$$0000000F  c_w.l(libshutdown2.o)
    0x0800024e   0x0800024e   0x00000002   Code   RO         7052    .ARM.Collect$$libshutdown$$00000010  c_w.l(libshutdown2.o)
    0x08000250   0x08000250   0x00000000   Code   RO         6796    .ARM.Collect$$rtentry$$00000000  c_w.l(__rtentry.o)
    0x08000250   0x08000250   0x00000000   Code   RO         6952    .ARM.Collect$$rtentry$$00000002  c_w.l(__rtentry2.o)
    0x08000250   0x08000250   0x00000006   Code   RO         6964    .ARM.Collect$$rtentry$$00000004  c_w.l(__rtentry4.o)
    0x08000256   0x08000256   0x00000000   Code   RO         6954    .ARM.Collect$$rtentry$$00000009  c_w.l(__rtentry2.o)
    0x08000256   0x08000256   0x00000004   Code   RO         6955    .ARM.Collect$$rtentry$$0000000A  c_w.l(__rtentry2.o)
    0x0800025a   0x0800025a   0x00000000   Code   RO         6957    .ARM.Collect$$rtentry$$0000000C  c_w.l(__rtentry2.o)
    0x0800025a   0x0800025a   0x00000008   Code   RO         6958    .ARM.Collect$$rtentry$$0000000D  c_w.l(__rtentry2.o)
    0x08000262   0x08000262   0x00000002   Code   RO         7025    .ARM.Collect$$rtexit$$00000000  c_w.l(rtexit.o)
    0x08000264   0x08000264   0x00000000   Code   RO         7056    .ARM.Collect$$rtexit$$00000002  c_w.l(rtexit2.o)
    0x08000264   0x08000264   0x00000004   Code   RO         7057    .ARM.Collect$$rtexit$$00000003  c_w.l(rtexit2.o)
    0x08000268   0x08000268   0x00000006   Code   RO         7058    .ARM.Collect$$rtexit$$00000004  c_w.l(rtexit2.o)
    0x0800026e   0x0800026e   0x00000002   PAD
    0x08000270   0x08000270   0x00000000   Code   RO         6975    .emb_text           c_w.l(maybetermalloc1.o)
    0x08000270   0x08000270   0x00000040   Code   RO           96    .text               startup_stm32f40_41xxx.o
    0x080002b0   0x080002b0   0x00000034   Code   RO         2592    .text               cpu_a.o
    0x080002e4   0x080002e4   0x0000005e   Code   RO         6636    .text               c_w.l(h1_alloc.o)
    0x08000342   0x08000342   0x0000004e   Code   RO         6638    .text               c_w.l(h1_free.o)
    0x08000390   0x08000390   0x000000ee   Code   RO         6694    .text               c_w.l(lludivv7m.o)
    0x0800047e   0x0800047e   0x0000008a   Code   RO         6696    .text               c_w.l(rt_memcpy_v6.o)
    0x08000508   0x08000508   0x00000064   Code   RO         6698    .text               c_w.l(rt_memcpy_w.o)
    0x0800056c   0x0800056c   0x00000006   Code   RO         6700    .text               c_w.l(heapauxi.o)
    0x08000572   0x08000572   0x00000002   PAD
    0x08000574   0x08000574   0x00000008   Code   RO         6804    .text               c_w.l(rt_heap_descriptor_intlibspace.o)
    0x0800057c   0x0800057c   0x00000004   Code   RO         6806    .text               c_w.l(hguard.o)
    0x08000580   0x08000580   0x0000008a   Code   RO         6808    .text               c_w.l(init_alloc.o)
    0x0800060a   0x0800060a   0x0000000e   Code   RO         6812    .text               c_w.l(h1_init.o)
    0x08000618   0x08000618   0x00000016   Code   RO         6826    .text               c_w.l(_rserrno.o)
    0x0800062e   0x0800062e   0x00000002   PAD
    0x08000630   0x08000630   0x00000008   Code   RO         6948    .text               c_w.l(libspace.o)
    0x08000638   0x08000638   0x00000008   Code   RO         6971    .text               c_w.l(rt_errno_addr_intlibspace.o)
    0x08000640   0x08000640   0x00000034   Code   RO         6977    .text               c_w.l(h1_extend.o)
    0x08000674   0x08000674   0x0000000e   Code   RO         6981    .text               c_w.l(defsig_rtmem_outer.o)
    0x08000682   0x08000682   0x00000002   Code   RO         6994    .text               c_w.l(use_no_semi.o)
    0x08000684   0x08000684   0x00000000   Code   RO         6996    .text               c_w.l(indicate_semi.o)
    0x08000684   0x08000684   0x0000004a   Code   RO         6997    .text               c_w.l(sys_stackheap_outer.o)
    0x080006ce   0x080006ce   0x00000012   Code   RO         7003    .text               c_w.l(exit.o)
    0x080006e0   0x080006e0   0x0000000a   Code   RO         7005    .text               c_w.l(defsig_exit.o)
    0x080006ea   0x080006ea   0x00000002   PAD
    0x080006ec   0x080006ec   0x00000050   Code   RO         7011    .text               c_w.l(defsig_rtmem_inner.o)
    0x0800073c   0x0800073c   0x0000000c   Code   RO         7023    .text               c_w.l(sys_exit.o)
    0x08000748   0x08000748   0x00000032   Code   RO         7033    .text               c_w.l(defsig_general.o)
    0x0800077a   0x0800077a   0x0000000e   Code   RO         7053    .text               c_w.l(sys_wrch.o)
    0x08000788   0x08000788   0x000000ac   Code   RO         4084    CODE                os_cpu_a.o
    0x08000834   0x08000834   0x00000016   Code   RO         1964    i.ADC_Cmd           stm32f4xx_adc.o
    0x0800084a   0x0800084a   0x00000002   PAD
    0x0800084c   0x0800084c   0x00000030   Code   RO         1965    i.ADC_CommonInit    stm32f4xx_adc.o
    0x0800087c   0x0800087c   0x00000016   Code   RO         1968    i.ADC_DMACmd        stm32f4xx_adc.o
    0x08000892   0x08000892   0x00000016   Code   RO         1969    i.ADC_DMARequestAfterLastTransferCmd  stm32f4xx_adc.o
    0x080008a8   0x080008a8   0x00000054   Code   RO         1984    i.ADC_Init          stm32f4xx_adc.o
    0x080008fc   0x080008fc   0x000000b8   Code   RO         1989    i.ADC_RegularChannelConfig  stm32f4xx_adc.o
    0x080009b4   0x080009b4   0x0000000a   Code   RO         1991    i.ADC_SoftwareStartConv  stm32f4xx_adc.o
    0x080009be   0x080009be   0x00000018   Code   RO         6008    i.Abs_Funcation     neurons.o
    0x080009d6   0x080009d6   0x00000002   PAD
    0x080009d8   0x080009d8   0x00000110   Code   RO         5425    i.Adc_Batteryinit   adc_battery.o
    0x08000ae8   0x08000ae8   0x00000030   Code   RO         6578    i.Append_CRC16_Check_Sum  crc.o
    0x08000b18   0x08000b18   0x00000026   Code   RO         6579    i.Append_CRC8_Check_Sum  crc.o
    0x08000b3e   0x08000b3e   0x00000002   PAD
    0x08000b40   0x08000b40   0x0000053c   Code   RO         5799    i.AttitudeInner_control  inner_control.o
    0x0800107c   0x0800107c   0x0000016c   Code   RO         4561    i.AttitudeInner_task  task.o
    0x080011e8   0x080011e8   0x00000160   Code   RO         5861    i.AttitudeOuter_control  outer_control.o
    0x08001348   0x08001348   0x0000001c   Code   RO         4562    i.AttitudeOuter_task  task.o
    0x08001364   0x08001364   0x00000084   Code   RO         5426    i.Average_battery   adc_battery.o
    0x080013e8   0x080013e8   0x0000000e   Code   RO         2379    i.BSP_CPU_ClkFreq   bsp.o
    0x080013f6   0x080013f6   0x00000002   PAD
    0x080013f8   0x080013f8   0x000000a8   Code   RO         4563    i.Battery_task      task.o
    0x080014a0   0x080014a0   0x0000003c   Code   RO         5573    i.Bluetooth_init    bluetooth.o
    0x080014dc   0x080014dc   0x00000004   Code   RO         4508    i.BusFault_Handler  stm32f4xx_it.o
    0x080014e0   0x080014e0   0x0000000c   Code   RO         2426    i.CPU_Init          cpu_core.o
    0x080014ec   0x080014ec   0x00000030   Code   RO         2427    i.CPU_NameClr       cpu_core.o
    0x0800151c   0x0800151c   0x00000008   Code   RO         2429    i.CPU_NameInit      cpu_core.o
    0x08001524   0x08001524   0x0000003c   Code   RO         2380    i.CPU_TS32_to_uSec  bsp.o
    0x08001560   0x08001560   0x00000014   Code   RO         2433    i.CPU_TS_Init       cpu_core.o
    0x08001574   0x08001574   0x0000000c   Code   RO         2435    i.CPU_TS_TmrFreqSet  cpu_core.o
    0x08001580   0x08001580   0x00000034   Code   RO         2381    i.CPU_TS_TmrInit    bsp.o
    0x080015b4   0x080015b4   0x0000000c   Code   RO         2382    i.CPU_TS_TmrRd      bsp.o
    0x080015c0   0x080015c0   0x000002a0   Code   RO         5800    i.Calculate_output  inner_control.o
    0x08001860   0x08001860   0x000001e8   Code   RO         4564    i.Combine_task      task.o
    0x08001a48   0x08001a48   0x00000010   Code   RO         5480    i.DMA1_Stream3_IRQHandler  usart3tobluetooth.o
    0x08001a58   0x08001a58   0x00000044   Code   RO         5668    i.DMA1_Stream6_IRQHandler  usart2_see.o
    0x08001a9c   0x08001a9c   0x00000040   Code   RO         5599    i.DMA1_Stream7_IRQHandler  usart5toultra.o
    0x08001adc   0x08001adc   0x00000044   Code   RO         5318    i.DMA2_Stream6_IRQHandler  usart6tovision.o
    0x08001b20   0x08001b20   0x00000010   Code   RO         5119    i.DMA2_Stream7_IRQHandler  usart1topc.o
    0x08001b30   0x08001b30   0x00000034   Code   RO         1496    i.DMA_ClearFlag     stm32f4xx_dma.o
    0x08001b64   0x08001b64   0x00000016   Code   RO         1498    i.DMA_Cmd           stm32f4xx_dma.o
    0x08001b7a   0x08001b7a   0x00000002   PAD
    0x08001b7c   0x08001b7c   0x00000158   Code   RO         1499    i.DMA_DeInit        stm32f4xx_dma.o
    0x08001cd4   0x08001cd4   0x00000008   Code   RO         1504    i.DMA_GetCurrDataCounter  stm32f4xx_dma.o
    0x08001cdc   0x08001cdc   0x00000064   Code   RO         1508    i.DMA_GetITStatus   stm32f4xx_dma.o
    0x08001d40   0x08001d40   0x0000003a   Code   RO         1509    i.DMA_ITConfig      stm32f4xx_dma.o
    0x08001d7a   0x08001d7a   0x00000002   PAD
    0x08001d7c   0x08001d7c   0x00000058   Code   RO         1510    i.DMA_Init          stm32f4xx_dma.o
    0x08001dd4   0x08001dd4   0x00000004   Code   RO         1513    i.DMA_SetCurrDataCounter  stm32f4xx_dma.o
    0x08001dd8   0x08001dd8   0x000000a8   Code   RO         4565    i.DataDeal_task     task.o
    0x08001e80   0x08001e80   0x00000002   Code   RO         4509    i.DebugMon_Handler  stm32f4xx_it.o
    0x08001e82   0x08001e82   0x00000002   PAD
    0x08001e84   0x08001e84   0x00000024   Code   RO         1625    i.FLASH_DataCacheCmd  stm32f4xx_flash.o
    0x08001ea8   0x08001ea8   0x00000088   Code   RO         1630    i.FLASH_EraseSector  stm32f4xx_flash.o
    0x08001f30   0x08001f30   0x00000054   Code   RO         1632    i.FLASH_GetStatus   stm32f4xx_flash.o
    0x08001f84   0x08001f84   0x00000014   Code   RO         1636    i.FLASH_Lock        stm32f4xx_flash.o
    0x08001f98   0x08001f98   0x00000050   Code   RO         1660    i.FLASH_ProgramWord  stm32f4xx_flash.o
    0x08001fe8   0x08001fe8   0x00000024   Code   RO         1662    i.FLASH_Unlock      stm32f4xx_flash.o
    0x0800200c   0x0800200c   0x00000022   Code   RO         1663    i.FLASH_WaitForLastOperation  stm32f4xx_flash.o
    0x0800202e   0x0800202e   0x00000002   PAD
    0x08002030   0x08002030   0x0000002c   Code   RO         6404    i.Filter_FIRinit    position.o
    0x0800205c   0x0800205c   0x0000001c   Code   RO         6108    i.FloatToByte       type_conversion.o
    0x08002078   0x08002078   0x00000298   Code   RO         5766    i.Flow_datadeal     flow_deal.o
    0x08002310   0x08002310   0x00000068   Code   RO         4566    i.Flow_task         task.o
    0x08002378   0x08002378   0x00000090   Code   RO          151    i.GPIO_Init         stm32f4xx_gpio.o
    0x08002408   0x08002408   0x00000046   Code   RO          152    i.GPIO_PinAFConfig  stm32f4xx_gpio.o
    0x0800244e   0x0800244e   0x00000012   Code   RO          155    i.GPIO_ReadInputDataBit  stm32f4xx_gpio.o
    0x08002460   0x08002460   0x00000004   Code   RO          158    i.GPIO_ResetBits    stm32f4xx_gpio.o
    0x08002464   0x08002464   0x00000004   Code   RO          159    i.GPIO_SetBits      stm32f4xx_gpio.o
    0x08002468   0x08002468   0x000000d8   Code   RO         5460    i.General_Gpioinit  general_gpio.o
    0x08002540   0x08002540   0x00000034   Code   RO         6580    i.Get_CRC16_Check_Sum  crc.o
    0x08002574   0x08002574   0x00000024   Code   RO         6581    i.Get_CRC8_Check_Sum  crc.o
    0x08002598   0x08002598   0x00000030   Code   RO         5427    i.Get_battery       adc_battery.o
    0x080025c8   0x080025c8   0x00000004   Code   RO         4510    i.HardFault_Handler  stm32f4xx_it.o
    0x080025cc   0x080025cc   0x0000001a   Code   RO         6109    i.Hex_To_Decimal    type_conversion.o
    0x080025e6   0x080025e6   0x00000018   Code   RO         4974    i.IMU_HardwareInit  imu_ahrs.o
    0x080025fe   0x080025fe   0x00000002   PAD
    0x08002600   0x08002600   0x0000067c   Code   RO         4975    i.IMU_getInfo       imu_ahrs.o
    0x08002c7c   0x08002c7c   0x0000008c   Code   RO         4976    i.IMU_getValues     imu_ahrs.o
    0x08002d08   0x08002d08   0x00000038   Code   RO         4567    i.IMU_task          task.o
    0x08002d40   0x08002d40   0x0000013c   Code   RO         5801    i.Inner_pidinit     inner_control.o
    0x08002e7c   0x08002e7c   0x00000018   Code   RO         6112    i.IntToByte         type_conversion.o
    0x08002e94   0x08002e94   0x00000040   Code   RO         6452    i.KalmanCreate      digital_filter.o
    0x08002ed4   0x08002ed4   0x00000086   Code   RO         6453    i.KalmanFilter      digital_filter.o
    0x08002f5a   0x08002f5a   0x0000006e   Code   RO         6454    i.LPButterworth     digital_filter.o
    0x08002fc8   0x08002fc8   0x0000001e   Code   RO         5048    i.LSM303_GetAvg     lsm303d.o
    0x08002fe6   0x08002fe6   0x00000002   PAD
    0x08002fe8   0x08002fe8   0x00000010   Code   RO         5051    i.LSM303_NewValMag  lsm303d.o
    0x08002ff8   0x08002ff8   0x000001f8   Code   RO         5055    i.LSM303_readMag    lsm303d.o
    0x080031f0   0x080031f0   0x0000001e   Code   RO         6349    i.Limits_data       limits.o
    0x0800320e   0x0800320e   0x0000001e   Code   RO         4909    i.MPU6500_GetAvg    mpu6500.o
    0x0800322c   0x0800322c   0x000000c0   Code   RO         4910    i.MPU6500_Init_Offset  mpu6500.o
    0x080032ec   0x080032ec   0x00000010   Code   RO         4911    i.MPU6500_NewVal    mpu6500.o
    0x080032fc   0x080032fc   0x00000066   Code   RO         4912    i.MPU6500_initialize  mpu6500.o
    0x08003362   0x08003362   0x00000002   PAD
    0x08003364   0x08003364   0x00000178   Code   RO         4913    i.MPU6500_readGyro_Acc  mpu6500.o
    0x080034dc   0x080034dc   0x0000002c   Code   RO         4916    i.MPU6500_writeReg  mpu6500.o
    0x08003508   0x08003508   0x00000344   Code   RO         6274    i.MahonyAHRSupdateIMU  mahonyahrs.o
    0x0800384c   0x0800384c   0x0000013c   Code   RO         6311    i.Median_filter     medianfiler.o
    0x08003988   0x08003988   0x00000004   Code   RO         4511    i.MemManage_Handler  stm32f4xx_it.o
    0x0800398c   0x0800398c   0x00000012   Code   RO         2736    i.Mem_Clr           lib_mem.o
    0x0800399e   0x0800399e   0x00000054   Code   RO         2752    i.Mem_Set           lib_mem.o
    0x080039f2   0x080039f2   0x00000002   Code   RO         4512    i.NMI_Handler       stm32f4xx_it.o
    0x080039f4   0x080039f4   0x00000078   Code   RO          102    i.NVIC_Init         misc.o
    0x08003a6c   0x08003a6c   0x00000014   Code   RO          103    i.NVIC_PriorityGroupConfig  misc.o
    0x08003a80   0x08003a80   0x00000250   Code   RO         6009    i.Neurons_PID_Hight  neurons.o
    0x08003cd0   0x08003cd0   0x0000031c   Code   RO         6013    i.Neurons_pidinit   neurons.o
    0x08003fec   0x08003fec   0x00000002   Code   RO         3005    i.OSCfg_Init        os_cfg_app.o
    0x08003fee   0x08003fee   0x00000002   PAD
    0x08003ff0   0x08003ff0   0x00000014   Code   RO         4089    i.OSIdleTaskHook    os_cpu_c.o
    0x08004004   0x08004004   0x00000180   Code   RO         3028    i.OSInit            os_core.o
    0x08004184   0x08004184   0x00000028   Code   RO         4090    i.OSInitHook        os_cpu_c.o
    0x080041ac   0x080041ac   0x0000002c   Code   RO         3029    i.OSIntEnter        os_core.o
    0x080041d8   0x080041d8   0x000000dc   Code   RO         3030    i.OSIntExit         os_core.o
    0x080042b4   0x080042b4   0x000000a0   Code   RO         3031    i.OSSched           os_core.o
    0x08004354   0x08004354   0x00000074   Code   RO         3032    i.OSSchedLock       os_core.o
    0x080043c8   0x080043c8   0x00000064   Code   RO         3033    i.OSSchedRoundRobinCfg  os_core.o
    0x0800442c   0x0800442c   0x00000094   Code   RO         3035    i.OSSchedUnlock     os_core.o
    0x080044c0   0x080044c0   0x00000080   Code   RO         3620    i.OSSemCreate       os_sem.o
    0x08004540   0x08004540   0x000001a8   Code   RO         3622    i.OSSemPend         os_sem.o
    0x080046e8   0x080046e8   0x00000070   Code   RO         3624    i.OSSemPost         os_sem.o
    0x08004758   0x08004758   0x00000068   Code   RO         3036    i.OSStart           os_core.o
    0x080047c0   0x080047c0   0x00000128   Code   RO         3692    i.OSStatReset       os_stat.o
    0x080048e8   0x080048e8   0x000000f0   Code   RO         3693    i.OSStatTaskCPUUsageInit  os_stat.o
    0x080049d8   0x080049d8   0x00000014   Code   RO         4091    i.OSStatTaskHook    os_cpu_c.o
    0x080049ec   0x080049ec   0x000001b4   Code   RO         3723    i.OSTaskCreate      os_task.o
    0x08004ba0   0x08004ba0   0x00000018   Code   RO         4092    i.OSTaskCreateHook  os_cpu_c.o
    0x08004bb8   0x08004bb8   0x00000128   Code   RO         3724    i.OSTaskDel         os_task.o
    0x08004ce0   0x08004ce0   0x00000018   Code   RO         4093    i.OSTaskDelHook     os_cpu_c.o
    0x08004cf8   0x08004cf8   0x00000068   Code   RO         3732    i.OSTaskResume      os_task.o
    0x08004d60   0x08004d60   0x00000018   Code   RO         4094    i.OSTaskReturnHook  os_cpu_c.o
    0x08004d78   0x08004d78   0x000001dc   Code   RO         3733    i.OSTaskSemPend     os_task.o
    0x08004f54   0x08004f54   0x0000003e   Code   RO         3735    i.OSTaskSemPost     os_task.o
    0x08004f92   0x08004f92   0x00000002   PAD
    0x08004f94   0x08004f94   0x000000d4   Code   RO         3737    i.OSTaskStkChk      os_task.o
    0x08005068   0x08005068   0x0000025c   Code   RO         4095    i.OSTaskStkInit     os_cpu_c.o
    0x080052c4   0x080052c4   0x00000038   Code   RO         3738    i.OSTaskSuspend     os_task.o
    0x080052fc   0x080052fc   0x00000088   Code   RO         4096    i.OSTaskSwHook      os_cpu_c.o
    0x08005384   0x08005384   0x000000c4   Code   RO         3938    i.OSTimeDly         os_time.o
    0x08005448   0x08005448   0x0000019c   Code   RO         3939    i.OSTimeDlyHMSM     os_time.o
    0x080055e4   0x080055e4   0x0000005c   Code   RO         3943    i.OSTimeTick        os_time.o
    0x08005640   0x08005640   0x00000014   Code   RO         4097    i.OSTimeTickHook    os_cpu_c.o
    0x08005654   0x08005654   0x000001ac   Code   RO         3268    i.OS_Dbg_Init       os_dbg.o
    0x08005800   0x08005800   0x00000018   Code   RO         3293    i.OS_FlagInit       os_flag.o
    0x08005818   0x08005818   0x00000044   Code   RO         3038    i.OS_IdleTask       os_core.o
    0x0800585c   0x0800585c   0x00000070   Code   RO         3039    i.OS_IdleTaskInit   os_core.o
    0x080058cc   0x080058cc   0x00000018   Code   RO         3377    i.OS_MemInit        os_mem.o
    0x080058e4   0x080058e4   0x0000007c   Code   RO         3409    i.OS_MsgPoolInit    os_msg.o
    0x08005960   0x08005960   0x00000044   Code   RO         3410    i.OS_MsgQFreeAll    os_msg.o
    0x080059a4   0x080059a4   0x0000000e   Code   RO         3412    i.OS_MsgQInit       os_msg.o
    0x080059b2   0x080059b2   0x00000002   PAD
    0x080059b4   0x080059b4   0x00000018   Code   RO         3453    i.OS_MutexInit      os_mutex.o
    0x080059cc   0x080059cc   0x00000068   Code   RO         3040    i.OS_Pend           os_core.o
    0x08005a34   0x08005a34   0x00000026   Code   RO         3043    i.OS_PendDataInit   os_core.o
    0x08005a5a   0x08005a5a   0x00000002   PAD
    0x08005a5c   0x08005a5c   0x0000005c   Code   RO         3044    i.OS_PendDbgNameAdd  os_core.o
    0x08005ab8   0x08005ab8   0x00000024   Code   RO         3045    i.OS_PendDbgNameRemove  os_core.o
    0x08005adc   0x08005adc   0x0000000a   Code   RO         3047    i.OS_PendListInit   os_core.o
    0x08005ae6   0x08005ae6   0x00000066   Code   RO         3049    i.OS_PendListInsertPrio  os_core.o
    0x08005b4c   0x08005b4c   0x00000030   Code   RO         3050    i.OS_PendListRemove  os_core.o
    0x08005b7c   0x08005b7c   0x00000042   Code   RO         3051    i.OS_PendListRemove1  os_core.o
    0x08005bbe   0x08005bbe   0x000000c0   Code   RO         3054    i.OS_Post           os_core.o
    0x08005c7e   0x08005c7e   0x0000002a   Code   RO         3055    i.OS_Post1          os_core.o
    0x08005ca8   0x08005ca8   0x00000028   Code   RO         3511    i.OS_PrioGetHighest  os_prio.o
    0x08005cd0   0x08005cd0   0x00000018   Code   RO         3512    i.OS_PrioInit       os_prio.o
    0x08005ce8   0x08005ce8   0x00000024   Code   RO         3513    i.OS_PrioInsert     os_prio.o
    0x08005d0c   0x08005d0c   0x00000024   Code   RO         3514    i.OS_PrioRemove     os_prio.o
    0x08005d30   0x08005d30   0x00000018   Code   RO         3557    i.OS_QInit          os_q.o
    0x08005d48   0x08005d48   0x00000024   Code   RO         3056    i.OS_RdyListInit    os_core.o
    0x08005d6c   0x08005d6c   0x0000002c   Code   RO         3057    i.OS_RdyListInsert  os_core.o
    0x08005d98   0x08005d98   0x00000040   Code   RO         3058    i.OS_RdyListInsertHead  os_core.o
    0x08005dd8   0x08005dd8   0x0000003c   Code   RO         3059    i.OS_RdyListInsertTail  os_core.o
    0x08005e14   0x08005e14   0x00000044   Code   RO         3060    i.OS_RdyListMoveHeadToTail  os_core.o
    0x08005e58   0x08005e58   0x0000005c   Code   RO         3061    i.OS_RdyListRemove  os_core.o
    0x08005eb4   0x08005eb4   0x0000001c   Code   RO         3062    i.OS_SchedLockTimeMeasStart  os_core.o
    0x08005ed0   0x08005ed0   0x0000003c   Code   RO         3063    i.OS_SchedLockTimeMeasStop  os_core.o
    0x08005f0c   0x08005f0c   0x000000d0   Code   RO         3064    i.OS_SchedRoundRobin  os_core.o
    0x08005fdc   0x08005fdc   0x00000030   Code   RO         3627    i.OS_SemDbgListAdd  os_sem.o
    0x0800600c   0x0800600c   0x00000018   Code   RO         3629    i.OS_SemInit        os_sem.o
    0x08006024   0x08006024   0x00000126   Code   RO         3630    i.OS_SemPost        os_sem.o
    0x0800614a   0x0800614a   0x00000002   PAD
    0x0800614c   0x0800614c   0x000002ec   Code   RO         3694    i.OS_StatTask       os_stat.o
    0x08006438   0x08006438   0x000000cc   Code   RO         3695    i.OS_StatTaskInit   os_stat.o
    0x08006504   0x08006504   0x00000038   Code   RO         3065    i.OS_TaskBlock      os_core.o
    0x0800653c   0x0800653c   0x00000030   Code   RO         3740    i.OS_TaskDbgListAdd  os_task.o
    0x0800656c   0x0800656c   0x00000044   Code   RO         3741    i.OS_TaskDbgListRemove  os_task.o
    0x080065b0   0x080065b0   0x00000020   Code   RO         3742    i.OS_TaskInit       os_task.o
    0x080065d0   0x080065d0   0x000000c8   Code   RO         3743    i.OS_TaskInitTCB    os_task.o
    0x08006698   0x08006698   0x0000001c   Code   RO         3066    i.OS_TaskRdy        os_core.o
    0x080066b4   0x080066b4   0x00000100   Code   RO         3745    i.OS_TaskResume     os_task.o
    0x080067b4   0x080067b4   0x00000018   Code   RO         3746    i.OS_TaskReturn     os_task.o
    0x080067cc   0x080067cc   0x000001c4   Code   RO         3747    i.OS_TaskSemPost    os_task.o
    0x08006990   0x08006990   0x00000118   Code   RO         3748    i.OS_TaskSuspend    os_task.o
    0x08006aa8   0x08006aa8   0x00000028   Code   RO         3890    i.OS_TickListInit   os_tick.o
    0x08006ad0   0x08006ad0   0x000001bc   Code   RO         3891    i.OS_TickListInsert  os_tick.o
    0x08006c8c   0x08006c8c   0x00000038   Code   RO         3892    i.OS_TickListRemove  os_tick.o
    0x08006cc4   0x08006cc4   0x00000024   Code   RO         3893    i.OS_TickListResetPeak  os_tick.o
    0x08006ce8   0x08006ce8   0x00000188   Code   RO         3894    i.OS_TickListUpdate  os_tick.o
    0x08006e70   0x08006e70   0x0000002c   Code   RO         3895    i.OS_TickTask       os_tick.o
    0x08006e9c   0x08006e9c   0x000000b8   Code   RO         3896    i.OS_TickTaskInit   os_tick.o
    0x08006f54   0x08006f54   0x00000128   Code   RO         3989    i.OS_TmrInit        os_tmr.o
    0x0800707c   0x0800707c   0x000000d0   Code   RO         3990    i.OS_TmrLink        os_tmr.o
    0x0800714c   0x0800714c   0x00000024   Code   RO         3991    i.OS_TmrResetPeak   os_tmr.o
    0x08007170   0x08007170   0x000000c0   Code   RO         3992    i.OS_TmrTask        os_tmr.o
    0x08007230   0x08007230   0x00000050   Code   RO         3993    i.OS_TmrUnlink      os_tmr.o
    0x08007280   0x08007280   0x00000758   Code   RO         6406    i.OpticalFlow_Estimation  position.o
    0x080079d8   0x080079d8   0x000000c0   Code   RO         5862    i.Outer_pidinit     outer_control.o
    0x08007a98   0x08007a98   0x0000003c   Code   RO         5802    i.PID_OUT           inner_control.o
    0x08007ad4   0x08007ad4   0x00000110   Code   RO         5295    i.PWM_Init          mcpwm.o
    0x08007be4   0x08007be4   0x00000340   Code   RO         6407    i.Position_Estimation  position.o
    0x08007f24   0x08007f24   0x00000448   Code   RO         5803    i.PostionInner_control  inner_control.o
    0x0800836c   0x0800836c   0x00000028   Code   RO         4568    i.PostionInner_task  task.o
    0x08008394   0x08008394   0x000004e4   Code   RO         5863    i.PostionOuter_control  outer_control.o
    0x08008878   0x08008878   0x00000028   Code   RO         4569    i.PostionOuter_task  task.o
    0x080088a0   0x080088a0   0x00000020   Code   RO          248    i.RCC_AHB1PeriphClockCmd  stm32f4xx_rcc.o
    0x080088c0   0x080088c0   0x00000020   Code   RO          257    i.RCC_APB1PeriphClockCmd  stm32f4xx_rcc.o
    0x080088e0   0x080088e0   0x00000020   Code   RO          260    i.RCC_APB2PeriphClockCmd  stm32f4xx_rcc.o
    0x08008900   0x08008900   0x00000020   Code   RO          262    i.RCC_APB2PeriphResetCmd  stm32f4xx_rcc.o
    0x08008920   0x08008920   0x000000e8   Code   RO          269    i.RCC_GetClocksFreq  stm32f4xx_rcc.o
    0x08008a08   0x08008a08   0x00000010   Code   RO         5600    i.ReceiveUltraData  usart5toultra.o
    0x08008a18   0x08008a18   0x000000d4   Code   RO         4862    i.SPI3_Configuration  spi3.o
    0x08008aec   0x08008aec   0x00000034   Code   RO         4863    i.SPI3_ReadWrite_Byte  spi3.o
    0x08008b20   0x08008b20   0x00000028   Code   RO         4865    i.SPI3_readRegs     spi3.o
    0x08008b48   0x08008b48   0x00000018   Code   RO          776    i.SPI_Cmd           stm32f4xx_spi.o
    0x08008b60   0x08008b60   0x0000003c   Code   RO          789    i.SPI_Init          stm32f4xx_spi.o
    0x08008b9c   0x08008b9c   0x000000a0   Code   RO         5242    i.STMFLASH_GetFlashSector  flash.o
    0x08008c3c   0x08008c3c   0x00000020   Code   RO         5243    i.STMFLASH_Read     flash.o
    0x08008c5c   0x08008c5c   0x00000006   Code   RO         5244    i.STMFLASH_ReadWord  flash.o
    0x08008c62   0x08008c62   0x00000002   PAD
    0x08008c64   0x08008c64   0x0000009c   Code   RO         5245    i.STMFLASH_Write    flash.o
    0x08008d00   0x08008d00   0x00000002   Code   RO         4514    i.SVC_Handler       stm32f4xx_it.o
    0x08008d02   0x08008d02   0x00000002   PAD
    0x08008d04   0x08008d04   0x000000ec   Code   RO            3    i.SetSysClock       system_stm32f4xx.o
    0x08008df0   0x08008df0   0x000000d4   Code   RO         6455    i.Set_Cutoff_Frequency  digital_filter.o
    0x08008ec4   0x08008ec4   0x00000028   Code   RO          106    i.SysTick_CLKSourceConfig  misc.o
    0x08008eec   0x08008eec   0x0000001c   Code   RO         2248    i.SysTick_Handler   explore_systick.o
    0x08008f08   0x08008f08   0x00000068   Code   RO            5    i.SystemInit        system_stm32f4xx.o
    0x08008f70   0x08008f70   0x00000070   Code   RO         2249    i.Systick_Init      explore_systick.o
    0x08008fe0   0x08008fe0   0x00000034   Code   RO         5381    i.TIM3_IRQHandler   timer3_ahrs_inner.o
    0x08009014   0x08009014   0x00000034   Code   RO         5382    i.TIM4_IRQHandler   timer3_ahrs_inner.o
    0x08009048   0x08009048   0x00000018   Code   RO          938    i.TIM_ARRPreloadConfig  stm32f4xx_tim.o
    0x08009060   0x08009060   0x00000006   Code   RO          945    i.TIM_ClearITPendingBit  stm32f4xx_tim.o
    0x08009066   0x08009066   0x00000018   Code   RO          950    i.TIM_Cmd           stm32f4xx_tim.o
    0x0800907e   0x0800907e   0x00000022   Code   RO          971    i.TIM_GetITStatus   stm32f4xx_tim.o
    0x080090a0   0x080090a0   0x00000012   Code   RO          975    i.TIM_ITConfig      stm32f4xx_tim.o
    0x080090b2   0x080090b2   0x00000002   PAD
    0x080090b4   0x080090b4   0x0000007c   Code   RO          979    i.TIM_OC1Init       stm32f4xx_tim.o
    0x08009130   0x08009130   0x00000012   Code   RO          982    i.TIM_OC1PreloadConfig  stm32f4xx_tim.o
    0x08009142   0x08009142   0x00000002   PAD
    0x08009144   0x08009144   0x000000a4   Code   RO          984    i.TIM_OC2Init       stm32f4xx_tim.o
    0x080091e8   0x080091e8   0x0000001a   Code   RO          987    i.TIM_OC2PreloadConfig  stm32f4xx_tim.o
    0x08009202   0x08009202   0x00000002   PAD
    0x08009204   0x08009204   0x000000a0   Code   RO          989    i.TIM_OC3Init       stm32f4xx_tim.o
    0x080092a4   0x080092a4   0x00000012   Code   RO          992    i.TIM_OC3PreloadConfig  stm32f4xx_tim.o
    0x080092b6   0x080092b6   0x00000002   PAD
    0x080092b8   0x080092b8   0x00000078   Code   RO          994    i.TIM_OC4Init       stm32f4xx_tim.o
    0x08009330   0x08009330   0x0000001a   Code   RO          996    i.TIM_OC4PreloadConfig  stm32f4xx_tim.o
    0x0800934a   0x0800934a   0x00000002   PAD
    0x0800934c   0x0800934c   0x00000084   Code   RO         1022    i.TIM_TimeBaseInit  stm32f4xx_tim.o
    0x080093d0   0x080093d0   0x00000010   Code   RO         6314    i.Tension_Queue_Init  medianfiler.o
    0x080093e0   0x080093e0   0x0000005c   Code   RO         5383    i.Timer3_Ahrsinit   timer3_ahrs_inner.o
    0x0800943c   0x0800943c   0x00000060   Code   RO         5384    i.Timer4_ImuInnerinit  timer3_ahrs_inner.o
    0x0800949c   0x0800949c   0x0000004c   Code   RO         5212    i.Timer5_Timinginit  timer5_timing.o
    0x080094e8   0x080094e8   0x00000010   Code   RO         5601    i.UART5_IRQHandler  usart5toultra.o
    0x080094f8   0x080094f8   0x00000010   Code   RO         5120    i.USART1_IRQHandler  usart1topc.o
    0x08009508   0x08009508   0x00000010   Code   RO         5669    i.USART2_IRQHandler  usart2_see.o
    0x08009518   0x08009518   0x00000010   Code   RO         5481    i.USART3_IRQHandler  usart3tobluetooth.o
    0x08009528   0x08009528   0x00000010   Code   RO         5319    i.USART6_IRQHandler  usart6tovision.o
    0x08009538   0x08009538   0x00000012   Code   RO          582    i.USART_ClearFlag   stm32f4xx_usart.o
    0x0800954a   0x0800954a   0x00000018   Code   RO          586    i.USART_Cmd         stm32f4xx_usart.o
    0x08009562   0x08009562   0x00000012   Code   RO          587    i.USART_DMACmd      stm32f4xx_usart.o
    0x08009574   0x08009574   0x00000054   Code   RO          590    i.USART_GetITStatus  stm32f4xx_usart.o
    0x080095c8   0x080095c8   0x0000004a   Code   RO          592    i.USART_ITConfig    stm32f4xx_usart.o
    0x08009612   0x08009612   0x00000002   PAD
    0x08009614   0x08009614   0x000000d4   Code   RO          593    i.USART_Init        stm32f4xx_usart.o
    0x080096e8   0x080096e8   0x00000008   Code   RO         5121    i.Uart1_dma_tx_irq_handler  usart1topc.o
    0x080096f0   0x080096f0   0x0000002c   Code   RO         5122    i.Uart1_irq_handler  usart1topc.o
    0x0800971c   0x0800971c   0x00000040   Code   RO         5123    i.Uart1_tx          usart1topc.o
    0x0800975c   0x0800975c   0x00000220   Code   RO         5670    i.Uart2_Init        usart2_see.o
    0x0800997c   0x0800997c   0x00000014   Code   RO         5671    i.Uart2_irq_handler  usart2_see.o
    0x08009990   0x08009990   0x00000040   Code   RO         5672    i.Uart2_tx          usart2_see.o
    0x080099d0   0x080099d0   0x00000008   Code   RO         5482    i.Uart3_dma_tx_irq_handler  usart3tobluetooth.o
    0x080099d8   0x080099d8   0x0000002c   Code   RO         5483    i.Uart3_irq_handler  usart3tobluetooth.o
    0x08009a04   0x08009a04   0x00000040   Code   RO         5484    i.Uart3_tx          usart3tobluetooth.o
    0x08009a44   0x08009a44   0x00000030   Code   RO         5602    i.Uart5_irq_handler  usart5toultra.o
    0x08009a74   0x08009a74   0x00000040   Code   RO         5603    i.Uart5_tx          usart5toultra.o
    0x08009ab4   0x08009ab4   0x0000022c   Code   RO         5604    i.Uart5toUltra_Init  usart5toultra.o
    0x08009ce0   0x08009ce0   0x00000090   Code   RO         4571    i.Uart5toUltra_task  task.o
    0x08009d70   0x08009d70   0x00000004   Code   RO         4515    i.UsageFault_Handler  stm32f4xx_it.o
    0x08009d74   0x08009d74   0x00000208   Code   RO         5124    i.Usart1toPC_Init   usart1topc.o
    0x08009f7c   0x08009f7c   0x00000034   Code   RO         4572    i.Usart1toPC_task   task.o
    0x08009fb0   0x08009fb0   0x00000208   Code   RO         5485    i.Usart3toBluetooth_Init  usart3tobluetooth.o
    0x0800a1b8   0x0800a1b8   0x0000004c   Code   RO         5321    i.Usart6_irq_handler  usart6tovision.o
    0x0800a204   0x0800a204   0x00000200   Code   RO         5322    i.Usart6toflow_Init  usart6tovision.o
    0x0800a404   0x0800a404   0x000000a8   Code   RO         4573    i.Usartmode_task    task.o
    0x0800a4ac   0x0800a4ac   0x00000040   Code   RO         6582    i.Verify_CRC16_Check_Sum  crc.o
    0x0800a4ec   0x0800a4ec   0x00000030   Code   RO         6583    i.Verify_CRC8_Check_Sum  crc.o
    0x0800a51c   0x0800a51c   0x00000038   Code   RO         4574    i.Vision_task       task.o
    0x0800a554   0x0800a554   0x00000034   Code   RO         5246    i.Write_config      flash.o
    0x0800a588   0x0800a588   0x00000038   Code   RO         5125    i._Uart1_deal_irq_dma_tx  usart1topc.o
    0x0800a5c0   0x0800a5c0   0x0000006c   Code   RO         5126    i._Uart1_deal_irq_rx_end  usart1topc.o
    0x0800a62c   0x0800a62c   0x00000030   Code   RO         5127    i._Uart1_deal_irq_tx_end  usart1topc.o
    0x0800a65c   0x0800a65c   0x00000038   Code   RO         5486    i._Uart3_deal_irq_dma_tx  usart3tobluetooth.o
    0x0800a694   0x0800a694   0x0000006c   Code   RO         5487    i._Uart3_deal_irq_rx_end  usart3tobluetooth.o
    0x0800a700   0x0800a700   0x00000030   Code   RO         5488    i._Uart3_deal_irq_tx_end  usart3tobluetooth.o
    0x0800a730   0x0800a730   0x00000030   Code   RO         6922    i.__ARM_fpclassify  m_wm.l(fpclassify.o)
    0x0800a760   0x0800a760   0x00000026   Code   RO         6924    i.__ARM_fpclassifyf  m_wm.l(fpclassifyf.o)
    0x0800a786   0x0800a786   0x00000002   PAD
    0x0800a788   0x0800a788   0x00000360   Code   RO         6732    i.__hardfp_asin     m_wm.l(asin.o)
    0x0800aae8   0x0800aae8   0x000002d8   Code   RO         6888    i.__hardfp_atan     m_wm.l(atan.o)
    0x0800adc0   0x0800adc0   0x000001f0   Code   RO         6746    i.__hardfp_atan2    m_wm.l(atan2.o)
    0x0800afb0   0x0800afb0   0x00000150   Code   RO         6758    i.__hardfp_cosf     m_wm.l(cosf.o)
    0x0800b100   0x0800b100   0x0000007a   Code   RO         6770    i.__hardfp_sqrt     m_wm.l(sqrt.o)
    0x0800b17a   0x0800b17a   0x00000002   PAD
    0x0800b17c   0x0800b17c   0x0000017c   Code   RO         6782    i.__hardfp_tanf     m_wm.l(tanf.o)
    0x0800b2f8   0x0800b2f8   0x000000f8   Code   RO         6940    i.__kernel_poly     m_wm.l(poly.o)
    0x0800b3f0   0x0800b3f0   0x00000014   Code   RO         6903    i.__mathlib_dbl_infnan  m_wm.l(dunder.o)
    0x0800b404   0x0800b404   0x00000014   Code   RO         6904    i.__mathlib_dbl_infnan2  m_wm.l(dunder.o)
    0x0800b418   0x0800b418   0x00000020   Code   RO         6905    i.__mathlib_dbl_invalid  m_wm.l(dunder.o)
    0x0800b438   0x0800b438   0x00000020   Code   RO         6908    i.__mathlib_dbl_underflow  m_wm.l(dunder.o)
    0x0800b458   0x0800b458   0x00000006   Code   RO         6927    i.__mathlib_flt_infnan  m_wm.l(funder.o)
    0x0800b45e   0x0800b45e   0x00000002   PAD
    0x0800b460   0x0800b460   0x00000010   Code   RO         6929    i.__mathlib_flt_invalid  m_wm.l(funder.o)
    0x0800b470   0x0800b470   0x00000010   Code   RO         6932    i.__mathlib_flt_underflow  m_wm.l(funder.o)
    0x0800b480   0x0800b480   0x00000154   Code   RO         6943    i.__mathlib_rredf2  m_wm.l(rredf.o)
    0x0800b5d4   0x0800b5d4   0x00000020   Code   RO         5864    i.all_time_init     outer_control.o
    0x0800b5f4   0x0800b5f4   0x0000007c   Code   RO         2200    i.arm_abs_f32       arm_abs_f32.o
    0x0800b670   0x0800b670   0x0000001a   Code   RO         6114    i.arrycat           type_conversion.o
    0x0800b68a   0x0800b68a   0x00000010   Code   RO         6890    i.atan              m_wm.l(atan.o)
    0x0800b69a   0x0800b69a   0x00000002   PAD
    0x0800b69c   0x0800b69c   0x000000e0   Code   RO         4977    i.check_longtimeangle  imu_ahrs.o
    0x0800b77c   0x0800b77c   0x0000060c   Code   RO         6169    i.dataDeal          data_deal.o
    0x0800bd88   0x0800bd88   0x00000138   Code   RO         6170    i.dataStitching     data_deal.o
    0x0800bec0   0x0800bec0   0x000001b4   Code   RO         4762    i.deal_all_task     all_task.o
    0x0800c074   0x0800c074   0x00000144   Code   RO         4763    i.deal_data_step1   all_task.o
    0x0800c1b8   0x0800c1b8   0x00000144   Code   RO         4764    i.deal_data_step10  all_task.o
    0x0800c2fc   0x0800c2fc   0x00000144   Code   RO         4765    i.deal_data_step2   all_task.o
    0x0800c440   0x0800c440   0x00000050   Code   RO         2250    i.delay_ms          explore_systick.o
    0x0800c490   0x0800c490   0x0000000a   Code   RO         5865    i.delay_ms_init     outer_control.o
    0x0800c49a   0x0800c49a   0x0000003e   Code   RO         5866    i.delay_ms_timer    outer_control.o
    0x0800c4d8   0x0800c4d8   0x0000000a   Code   RO         2251    i.delay_osschedlock  explore_systick.o
    0x0800c4e2   0x0800c4e2   0x0000000a   Code   RO         2252    i.delay_osschedunlock  explore_systick.o
    0x0800c4ec   0x0800c4ec   0x00000010   Code   RO         2253    i.delay_ostimedly   explore_systick.o
    0x0800c4fc   0x0800c4fc   0x00000058   Code   RO         2254    i.delay_us          explore_systick.o
    0x0800c554   0x0800c554   0x00000018   Code   RO         6918    i.fabs              m_wm.l(fabs.o)
    0x0800c56c   0x0800c56c   0x000000c4   Code   RO         6457    i.filter_create_fir_lowpass  digital_filter.o
    0x0800c630   0x0800c630   0x00000260   Code   RO         6458    i.filter_fft        digital_filter.o
    0x0800c890   0x0800c890   0x00000052   Code   RO         6459    i.filter_fftshift   digital_filter.o
    0x0800c8e2   0x0800c8e2   0x00000002   PAD
    0x0800c8e4   0x0800c8e4   0x000000fc   Code   RO         6460    i.filter_hamming    digital_filter.o
    0x0800c9e0   0x0800c9e0   0x000000a4   Code   RO         4766    i.find_A_task       all_task.o
    0x0800ca84   0x0800ca84   0x00000050   Code   RO         5767    i.flowing_init      flow_deal.o
    0x0800cad4   0x0800cad4   0x0000007c   Code   RO         4767    i.flowing_task      all_task.o
    0x0800cb50   0x0800cb50   0x00000164   Code   RO         5673    i.from_slave        usart2_see.o
    0x0800ccb4   0x0800ccb4   0x00000030   Code   RO         6375    i.inertial_filter_correct  inertialfilter.o
    0x0800cce4   0x0800cce4   0x00000032   Code   RO         6376    i.inertial_filter_predict  inertialfilter.o
    0x0800cd16   0x0800cd16   0x00000008   Code   RO         5128    i.inf_Uart1_deal_irq_dma_tx  usart1topc.o
    0x0800cd1e   0x0800cd1e   0x0000000c   Code   RO         5129    i.inf_Uart1_deal_irq_rx_end  usart1topc.o
    0x0800cd2a   0x0800cd2a   0x00000008   Code   RO         5130    i.inf_Uart1_deal_irq_tx_end  usart1topc.o
    0x0800cd32   0x0800cd32   0x00000002   PAD
    0x0800cd34   0x0800cd34   0x00000068   Code   RO         5674    i.inf_Uart2_deal_irq_rx_end  usart2_see.o
    0x0800cd9c   0x0800cd9c   0x00000030   Code   RO         5675    i.inf_Uart2_deal_irq_tx_end  usart2_see.o
    0x0800cdcc   0x0800cdcc   0x00000008   Code   RO         5489    i.inf_Uart3_deal_irq_dma_tx  usart3tobluetooth.o
    0x0800cdd4   0x0800cdd4   0x0000000c   Code   RO         5490    i.inf_Uart3_deal_irq_rx_end  usart3tobluetooth.o
    0x0800cde0   0x0800cde0   0x00000008   Code   RO         5491    i.inf_Uart3_deal_irq_tx_end  usart3tobluetooth.o
    0x0800cde8   0x0800cde8   0x0000006c   Code   RO         5605    i.inf_Uart5_deal_irq_rx_end  usart5toultra.o
    0x0800ce54   0x0800ce54   0x00000030   Code   RO         5606    i.inf_Uart5_deal_irq_tx_end  usart5toultra.o
    0x0800ce84   0x0800ce84   0x0000006c   Code   RO         5323    i.inf_Uart6_deal_irq_rx_end  usart6tovision.o
    0x0800cef0   0x0800cef0   0x00000030   Code   RO         5324    i.inf_Usart6_deal_irq_tx_end  usart6tovision.o
    0x0800cf20   0x0800cf20   0x0000003c   Code   RO         6275    i.invSqrt           mahonyahrs.o
    0x0800cf5c   0x0800cf5c   0x00000042   Code   RO         6463    i.kalman_pid_init   digital_filter.o
    0x0800cf9e   0x0800cf9e   0x00000002   PAD
    0x0800cfa0   0x0800cfa0   0x0000031c   Code   RO         5247    i.load_config       flash.o
    0x0800d2bc   0x0800d2bc   0x000000e0   Code   RO         4244    i.main              stm32f4xx_main.o
    0x0800d39c   0x0800d39c   0x0000000c   Code   RO         5213    i.micros            timer5_timing.o
    0x0800d3a8   0x0800d3a8   0x00000088   Code   RO         4978    i.safe_asin         imu_ahrs.o
    0x0800d430   0x0800d430   0x0000031c   Code   RO         6081    i.sendParaInfo      data_pc.o
    0x0800d74c   0x0800d74c   0x00000158   Code   RO         6082    i.sendRTInfo        data_pc.o
    0x0800d8a4   0x0800d8a4   0x000000fc   Code   RO         5677    i.send_Master_to_slave  usart2_see.o
    0x0800d9a0   0x0800d9a0   0x0000006e   Code   RO         6772    i.sqrt              m_wm.l(sqrt.o)
    0x0800da0e   0x0800da0e   0x00000002   PAD
    0x0800da10   0x0800da10   0x00000430   Code   RO         4245    i.start_task        stm32f4xx_main.o
    0x0800de40   0x0800de40   0x0000007c   Code   RO         4768    i.starting_task     all_task.o
    0x0800debc   0x0800debc   0x00000094   Code   RO         4769    i.stay_at_line_5task  all_task.o
    0x0800df50   0x0800df50   0x00001034   Code   RO         6408    i.third_Kfilter     position.o
    0x0800ef84   0x0800ef84   0x000000b4   Code   RO         4770    i.walking_on_line_3task  all_task.o
    0x0800f038   0x0800f038   0x000000ac   Code   RO         4771    i.walking_on_line_4task  all_task.o
    0x0800f0e4   0x0800f0e4   0x000000ac   Code   RO         4772    i.walking_on_line_6task  all_task.o
    0x0800f190   0x0800f190   0x000001b0   Code   RO         4773    i.walking_on_line_7task  all_task.o
    0x0800f340   0x0800f340   0x0000009c   Code   RO         5873    i.world_time_ms     outer_control.o
    0x0800f3dc   0x0800f3dc   0x000000dc   Code   RO         5875    i.yaw_control       outer_control.o
    0x0800f4b8   0x0800f4b8   0x00000018   Code   RO         6704    x$fpl$basic         fz_wm.l(basic.o)
    0x0800f4d0   0x0800f4d0   0x00000062   Code   RO         6706    x$fpl$d2f           fz_wm.l(d2f.o)
    0x0800f532   0x0800f532   0x00000002   PAD
    0x0800f534   0x0800f534   0x00000150   Code   RO         6708    x$fpl$dadd          fz_wm.l(daddsub_clz.o)
    0x0800f684   0x0800f684   0x000002b0   Code   RO         6715    x$fpl$ddiv          fz_wm.l(ddiv.o)
    0x0800f934   0x0800f934   0x0000005a   Code   RO         6718    x$fpl$dfixu         fz_wm.l(dfixu.o)
    0x0800f98e   0x0800f98e   0x00000026   Code   RO         6722    x$fpl$dfltu         fz_wm.l(dflt_clz.o)
    0x0800f9b4   0x0800f9b4   0x00000154   Code   RO         6728    x$fpl$dmul          fz_wm.l(dmul.o)
    0x0800fb08   0x0800fb08   0x0000009c   Code   RO         6877    x$fpl$dnaninf       fz_wm.l(dnaninf.o)
    0x0800fba4   0x0800fba4   0x0000000c   Code   RO         6879    x$fpl$dretinf       fz_wm.l(dretinf.o)
    0x0800fbb0   0x0800fbb0   0x00000016   Code   RO         6709    x$fpl$drsb          fz_wm.l(daddsub_clz.o)
    0x0800fbc6   0x0800fbc6   0x00000002   PAD
    0x0800fbc8   0x0800fbc8   0x00000198   Code   RO         6881    x$fpl$dsqrt         fz_wm.l(dsqrt_umaal.o)
    0x0800fd60   0x0800fd60   0x000001d4   Code   RO         6710    x$fpl$dsub          fz_wm.l(daddsub_clz.o)
    0x0800ff34   0x0800ff34   0x00000056   Code   RO         6730    x$fpl$f2d           fz_wm.l(f2d.o)
    0x0800ff8a   0x0800ff8a   0x0000008c   Code   RO         6883    x$fpl$fnaninf       fz_wm.l(fnaninf.o)
    0x08010016   0x08010016   0x0000000a   Code   RO         6992    x$fpl$fpinit        fz_wm.l(fpinit.o)
    0x08010020   0x08010020   0x0000000a   Code   RO         6885    x$fpl$fretinf       fz_wm.l(fretinf.o)
    0x0801002a   0x0801002a   0x00000000   Code   RO         6887    x$fpl$usenofp       fz_wm.l(usenofp.o)
    0x0801002a   0x0801002a   0x00000002   PAD
    0x0801002c   0x0801002c   0x000000a4   Data   RO         3007    .constdata          os_cfg_app.o
    0x080100d0   0x080100d0   0x0000016c   Data   RO         3269    .constdata          os_dbg.o
    0x0801023c   0x0801023c   0x00000302   Data   RO         6584    .constdata          crc.o
    0x0801053e   0x0801053e   0x00000002   PAD
    0x08010540   0x08010540   0x00000050   Data   RO         6735    .constdata          m_wm.l(asin.o)
    0x08010590   0x08010590   0x00000098   Data   RO         6891    .constdata          m_wm.l(atan.o)
    0x08010628   0x08010628   0x00000008   Data   RO         6942    .constdata          m_wm.l(qnan.o)
    0x08010630   0x08010630   0x00000020   Data   RO         6944    .constdata          m_wm.l(rredf.o)
    0x08010650   0x08010650   0x00000020   Data   RO         7081    Region$$Table       anon$$obj.o


    Execution Region RW_IRAM1 (Exec base: 0x20000000, Load base: 0x08010670, Size: 0x00015210, Max: 0x00020000, ABSOLUTE, COMPRESSED[0x000000cc])

    Exec Addr    Load Addr    Size         Type   Attr      Idx    E Section Name        Object

    0x20000000   COMPRESSED   0x00000010   Data   RW          301    .data               stm32f4xx_rcc.o
    0x20000010   COMPRESSED   0x00000004   Data   RW         2255    .data               explore_systick.o
    0x20000014   COMPRESSED   0x00000004   Data   RW         2439    .data               cpu_core.o
    0x20000018   COMPRESSED   0x00000008   Data   RW         3515    .data               os_prio.o
    0x20000020   COMPRESSED   0x000000b4   Data   RW         4071    .data               os_var.o
    0x200000d4   COMPRESSED   0x00000004   Data   RW         4100    .data               os_cpu_c.o
    0x200000d8   COMPRESSED   0x00000038   Data   RW         4576    .data               task.o
    0x20000110   COMPRESSED   0x00000014   Data   RW         4775    .data               all_task.o
    0x20000124   COMPRESSED   0x00000022   Data   RW         4918    .data               mpu6500.o
    0x20000146   COMPRESSED   0x00000002   PAD
    0x20000148   COMPRESSED   0x00000038   Data   RW         4980    .data               imu_ahrs.o
    0x20000180   COMPRESSED   0x00000029   Data   RW         5058    .data               lsm303d.o
    0x200001a9   COMPRESSED   0x00000003   PAD
    0x200001ac   COMPRESSED   0x00000004   Data   RW         5132    .data               usart1topc.o
    0x200001b0   COMPRESSED   0x00000004   Data   RW         5326    .data               usart6tovision.o
    0x200001b4   COMPRESSED   0x00000004   Data   RW         5429    .data               adc_battery.o
    0x200001b8   COMPRESSED   0x00000004   Data   RW         5493    .data               usart3tobluetooth.o
    0x200001bc   COMPRESSED   0x00000015   Data   RW         5574    .data               bluetooth.o
    0x200001d1   COMPRESSED   0x00000003   PAD
    0x200001d4   COMPRESSED   0x00000007   Data   RW         5608    .data               usart5toultra.o
    0x200001db   COMPRESSED   0x00000001   PAD
    0x200001dc   COMPRESSED   0x0000002e   Data   RW         5679    .data               usart2_see.o
    0x2000020a   COMPRESSED   0x00000002   PAD
    0x2000020c   COMPRESSED   0x0000000c   Data   RW         5769    .data               flow_deal.o
    0x20000218   COMPRESSED   0x00000078   Data   RW         5806    .data               inner_control.o
    0x20000290   COMPRESSED   0x00000084   Data   RW         5877    .data               outer_control.o
    0x20000314   COMPRESSED   0x00000130   Data   RW         6015    .data               neurons.o
    0x20000444   COMPRESSED   0x0000000b   Data   RW         6173    .data               data_deal.o
    0x2000044f   COMPRESSED   0x00000001   PAD
    0x20000450   COMPRESSED   0x0000002c   Data   RW         6248    .data               visiondata_deal.o
    0x2000047c   COMPRESSED   0x00000024   Data   RW         6276    .data               mahonyahrs.o
    0x200004a0   COMPRESSED   0x000001e4   Data   RW         6410    .data               position.o
    0x20000684   COMPRESSED   0x000000e0   Data   RW         6464    .data               digital_filter.o
    0x20000764   COMPRESSED   0x00000002   Data   RW         6585    .data               crc.o
    0x20000766   COMPRESSED   0x00000002   PAD
    0x20000768        -       0x00000010   Zero   RW         2437    .bss                cpu_core.o
    0x20000778        -       0x00001150   Zero   RW         3006    .bss                os_cfg_app.o
    0x200018c8        -       0x0000061c   Zero   RW         4070    .bss                os_var.o
    0x20001ee4        -       0x0000fb7c   Zero   RW         4246    .bss                stm32f4xx_main.o
    0x20011a60        -       0x0000040c   Zero   RW         4575    .bss                task.o
    0x20011e6c        -       0x000000a0   Zero   RW         4774    .bss                all_task.o
    0x20011f0c        -       0x0000009a   Zero   RW         4917    .bss                mpu6500.o
    0x20011fa6   COMPRESSED   0x00000002   PAD
    0x20011fa8        -       0x0000007c   Zero   RW         4979    .bss                imu_ahrs.o
    0x20012024        -       0x00000078   Zero   RW         5057    .bss                lsm303d.o
    0x2001209c        -       0x00000504   Zero   RW         5131    .bss                usart1topc.o
    0x200125a0        -       0x0000006c   Zero   RW         5248    .bss                flash.o
    0x2001260c        -       0x00000504   Zero   RW         5325    .bss                usart6tovision.o
    0x20012b10        -       0x0000003c   Zero   RW         5428    .bss                adc_battery.o
    0x20012b4c        -       0x00000504   Zero   RW         5492    .bss                usart3tobluetooth.o
    0x20013050        -       0x00000504   Zero   RW         5607    .bss                usart5toultra.o
    0x20013554        -       0x00000aa4   Zero   RW         5678    .bss                usart2_see.o
    0x20013ff8        -       0x000001ac   Zero   RW         5768    .bss                flow_deal.o
    0x200141a4        -       0x000000f0   Zero   RW         5805    .bss                inner_control.o
    0x20014294        -       0x00000170   Zero   RW         5876    .bss                outer_control.o
    0x20014404        -       0x00000030   Zero   RW         6014    .bss                neurons.o
    0x20014434        -       0x000005a8   Zero   RW         6172    .bss                data_deal.o
    0x200149dc        -       0x000001d0   Zero   RW         6409    .bss                position.o
    0x20014bac        -       0x00000060   Zero   RW         6949    .bss                c_w.l(libspace.o)
    0x20014c0c   COMPRESSED   0x00000004   PAD
    0x20014c10        -       0x00000200   Zero   RW           94    HEAP                startup_stm32f40_41xxx.o
    0x20014e10        -       0x00000400   Zero   RW           93    STACK               startup_stm32f40_41xxx.o


==============================================================================

Image component sizes


      Code (inc. data)   RO Data    RW Data    ZI Data      Debug   Object Name

       452         50          0          4         60       3054   adc_battery.o
      2924        376          0         20        160       8462   all_task.o
       124          0          0          0          0        942   arm_abs_f32.o
         0          0          0          0          0      13380   arm_cos_f32.o
        60          8          0         21          0       1370   bluetooth.o
       138         20          0          0          0       2505   bsp.o
        52          0          0          0          0        356   cpu_a.o
       100         18          0          4         16       5009   cpu_core.o
       286         18        770          2          0       5558   crc.o
      1860        120          0         11       1448       7496   data_deal.o
      1140         28          0          0          0       1908   data_pc.o
      1724         36          0        224          0      10603   digital_filter.o
       344         40          0          4          0      42967   explore_systick.o
      1202         96          0          0        108       5260   flash.o
       744         92          0         12        428       2882   flow_deal.o
       216         14          0          0          0        759   general_gpio.o
      2184        184          0         56        124       9848   imu_ahrs.o
        98          0          0          0          0       1540   inertialfilter.o
      3484        422          0        120        240       6135   inner_control.o
       102          0          0          0          0       2048   lib_mem.o
        30          0          0          0          0        722   limits.o
       550         82          0         41        120       3352   lsm303d.o
       896         52          0         36          0       2566   mahonyahrs.o
       272          4          0          0          0        851   mcpwm.o
       332          6          0          0          0       2133   medianfiler.o
       180         24          0          0          0       2397   misc.o
       760         80          0         34        154       5404   mpu6500.o
      1412        296          0        304         48       6649   neurons.o
         2          0        164          0       4432      19758   os_cfg_app.o
      2930        396          0          0          0      23234   os_core.o
       172         32          0          0          0        392   os_cpu_a.o
       912         56          0          4          0       7176   os_cpu_c.o
       428        280        364          0          0       4969   os_dbg.o
        24         10          0          0          0        978   os_flag.o
        24         10          0          0          0        985   os_mem.o
       206         20          0          0          0       2588   os_msg.o
        24         10          0          0          0        991   os_mutex.o
       136         16          0          8          0       3246   os_prio.o
        24         10          0          0          0        983   os_q.o
      1030         54          0          0          0       6055   os_sem.o
      1488        192          0          0          0       4251   os_stat.o
      3002        172          0          0          0      13865   os_task.o
      1196        116          0          0          0       6033   os_tick.o
       700         56          0          0          0       3237   os_time.o
       812        134          0          0          0       4600   os_tmr.o
         0          0          0        180       1564      18141   os_var.o
      2276        324          0        132        368      14603   outer_control.o
      6904        760          0        484        464      11042   position.o
       304         20          0          0          0       2523   spi3.o
        64         26        392          0       1536        912   startup_stm32f40_41xxx.o
       392         24          0          0          0       6139   stm32f4xx_adc.o
       676         58          0          0          0       7021   stm32f4xx_dma.o
       426         40          0          0          0       5140   stm32f4xx_flash.o
       240          0          0          0          0       3995   stm32f4xx_gpio.o
        22          0          0          0          0       3759   stm32f4xx_it.o
      1296        404          0          0      64380      34339   stm32f4xx_main.o
       360         42          0         16          0       5760   stm32f4xx_rcc.o
        84          0          0          0          0       1973   stm32f4xx_spi.o
       894         66          0          0          0      10797   stm32f4xx_tim.o
       430          8          0          0          0       5443   stm32f4xx_usart.o
       340         32          0          0          0     327673   system_stm32f4xx.o
      1876        284          0         56       1036      15928   task.o
       292         30          0          0          0       2780   timer3_ahrs_inner.o
        88         14          0          0          0       1217   timer5_timing.o
       104          0          0          0          0       3473   type_conversion.o
       908         80          0          4       1284       9078   usart1topc.o
      1472        166          0         46       2724      11960   usart2_see.o
       908         80          0          4       1284       9496   usart3tobluetooth.o
       920         88          0          7       1284       6774   usart5toultra.o
       828         70          0          4       1284       5470   usart6tovision.o
         0          0          0         44          0       1385   visiondata_deal.o

    ----------------------------------------------------------------------
     56934       6246       1724       1896      84548     786318   Object Totals
         0          0         32          0          0          0   (incl. Generated)
        54          0          2         14          2          0   (incl. Padding)

    ----------------------------------------------------------------------

      Code (inc. data)   RO Data    RW Data    ZI Data      Debug   Library Member Name

        90          0          0          0          0          0   __dczerorl2.o
         8          0          0          0          0         68   __main.o
         0          0          0          0          0          0   __rtentry.o
        12          0          0          0          0          0   __rtentry2.o
         6          0          0          0          0          0   __rtentry4.o
        52          8          0          0          0          0   __scatter.o
        28          0          0          0          0          0   __scatter_zi.o
        22          0          0          0          0        100   _rserrno.o
        10          0          0          0          0         68   defsig_exit.o
        50          0          0          0          0         88   defsig_general.o
        80         58          0          0          0         76   defsig_rtmem_inner.o
        14          0          0          0          0         80   defsig_rtmem_outer.o
        18          0          0          0          0         80   exit.o
        94          0          0          0          0         80   h1_alloc.o
        52          0          0          0          0         68   h1_extend.o
        78          0          0          0          0         80   h1_free.o
        14          0          0          0          0         84   h1_init.o
         6          0          0          0          0        152   heapauxi.o
         4          0          0          0          0        136   hguard.o
         0          0          0          0          0          0   indicate_semi.o
       138          0          0          0          0        168   init_alloc.o
         2          0          0          0          0          0   libinit.o
        14          0          0          0          0          0   libinit2.o
         2          0          0          0          0          0   libshutdown.o
         2          0          0          0          0          0   libshutdown2.o
         8          4          0          0         96         68   libspace.o
       238          0          0          0          0        100   lludivv7m.o
         0          0          0          0          0          0   maybetermalloc1.o
         8          4          0          0          0         68   rt_errno_addr_intlibspace.o
         8          4          0          0          0         68   rt_heap_descriptor_intlibspace.o
       138          0          0          0          0         68   rt_memcpy_v6.o
       100          0          0          0          0         80   rt_memcpy_w.o
         2          0          0          0          0          0   rtexit.o
        10          0          0          0          0          0   rtexit2.o
        12          4          0          0          0         68   sys_exit.o
        74          0          0          0          0         80   sys_stackheap_outer.o
        14          0          0          0          0         76   sys_wrch.o
         2          0          0          0          0         68   use_no_semi.o
        24          0          0          0          0        164   basic.o
        98          4          0          0          0        140   d2f.o
       826         16          0          0          0        492   daddsub_clz.o
       688        140          0          0          0        256   ddiv.o
        90          4          0          0          0        140   dfixu.o
        38          0          0          0          0        116   dflt_clz.o
       340         12          0          0          0        152   dmul.o
       156          4          0          0          0        140   dnaninf.o
        12          0          0          0          0        116   dretinf.o
       408         56          0          0          0        168   dsqrt_umaal.o
        86          4          0          0          0        132   f2d.o
       140          4          0          0          0        132   fnaninf.o
        10          0          0          0          0        116   fpinit.o
        10          0          0          0          0        116   fretinf.o
         0          0          0          0          0          0   usenofp.o
       864         94         80          0          0        280   asin.o
       744        106        152          0          0        352   atan.o
       496         64          0          0          0        192   atan2.o
       336         56          0          0          0        136   cosf.o
       104         16          0          0          0        496   dunder.o
        24          0          0          0          0        124   fabs.o
        48          0          0          0          0        124   fpclassify.o
        38          0          0          0          0        116   fpclassifyf.o
        38         12          0          0          0        348   funder.o
       248          0          0          0          0        152   poly.o
         0          0          8          0          0          0   qnan.o
       340         24         32          0          0        160   rredf.o
       232          0          0          0          0        296   sqrt.o
       380         58          0          0          0        200   tanf.o

    ----------------------------------------------------------------------
      8254        756        272          0        100       7428   Library Totals
        26          0          0          0          4          0   (incl. Padding)

    ----------------------------------------------------------------------

      Code (inc. data)   RO Data    RW Data    ZI Data      Debug   Library Name

      1410         82          0          0         96       2072   c_w.l
      2926        244          0          0          0       2380   fz_wm.l
      3892        430        272          0          0       2976   m_wm.l

    ----------------------------------------------------------------------
      8254        756        272          0        100       7428   Library Totals

    ----------------------------------------------------------------------

==============================================================================


      Code (inc. data)   RO Data    RW Data    ZI Data      Debug   

     65188       7002       1996       1896      84648     757054   Grand Totals
     65188       7002       1996        204      84648     757054   ELF Image Totals (compressed)
     65188       7002       1996        204          0          0   ROM Totals

==============================================================================

    Total RO  Size (Code + RO Data)                67184 (  65.61kB)
    Total RW  Size (RW Data + ZI Data)             86544 (  84.52kB)
    Total ROM Size (Code + RO Data + RW Data)      67388 (  65.81kB)

==============================================================================

